Archive member included because of file (symbol)

..\..\libraries\libcsrmesh.a(csr_mesh.o)
                              depend_Release_CSR101x_A05\csr_mesh_light.o (CsrMeshRelayEnable)
..\..\libraries\libcsrmesh.a(masp.o)
                              ..\..\libraries\libcsrmesh.a(csr_mesh.o) (___libcsrmesh_53)
..\..\libraries\libcsrmesh.a(mtl.o)
                              ..\..\libraries\libcsrmesh.a(csr_mesh.o) (___libcsrmesh_78)
..\..\libraries\libcsrmesh.a(mcp.o)
                              ..\..\libraries\libcsrmesh.a(csr_mesh.o) (___libcsrmesh_102)
..\..\libraries\libcsrmesh.a(masp_mcp_common.o)
                              ..\..\libraries\libcsrmesh.a(masp.o) (___libcsrmesh_119)
..\..\libraries\libcsrmesh.a(config_model.o)
                              ..\..\libraries\libcsrmesh.a(csr_mesh.o) (___libcsrmesh_129)
..\..\libraries\libcsrmesh.a(group_model.o)
                              ..\..\libraries\libcsrmesh.a(mcp.o) (___libcsrmesh_132)
..\..\libraries\libcsrmesh.a(SMAes.o)
                              ..\..\libraries\libcsrmesh.a(mtl.o) (___libcsrmesh_314)
..\..\libraries\libcsrmesh.a(sha256_get_results.o)
                              ..\..\libraries\libcsrmesh.a(masp_mcp_common.o) (___libcsrmesh_327)
..\..\libraries\libcsrmesh.a(sha256_initialise.o)
                              ..\..\libraries\libcsrmesh.a(masp_mcp_common.o) (___libcsrmesh_330)
..\..\libraries\libcsrmesh.a(sha256_process_data.o)
                              ..\..\libraries\libcsrmesh.a(masp_mcp_common.o) (___libcsrmesh_337)
..\..\libraries\libcsrmesh.a(ec_math.o)
                              ..\..\libraries\libcsrmesh.a(masp.o) (___libcsrmesh_359)
..\..\libraries\libcsrmesh.a(large_num.o)
                              ..\..\libraries\libcsrmesh.a(ec_math.o) (___libcsrmesh_391)
..\..\libraries\libcsrmesh.a(ec_alloc.o)
                              ..\..\libraries\libcsrmesh.a(masp.o) (___libcsrmesh_402)
..\..\libraries\libcsrmesh.a(sha256_hmac.o)
                              ..\..\libraries\libcsrmesh.a(masp_mcp_common.o) (___libcsrmesh_406)
..\..\libraries\libcsrmesh.a(sha_add_to_cache.o)
                              ..\..\libraries\libcsrmesh.a(sha256_get_results.o) (___libcsrmesh_316)
..\..\libraries\libcsrmesh.a(sha256_calc_ith_hash_val.o)
                              ..\..\libraries\libcsrmesh.a(sha256_process_data.o) (___libcsrmesh_322)
..\..\libraries\liblightmodel.a(light_model.o)
                              depend_Release_CSR101x_A05\csr_mesh_light.o (LightModelInit)
..\..\libraries\libpowermodel.a(power_model.o)
                              depend_Release_CSR101x_A05\csr_mesh_light.o (PowerModelInit)
..\..\libraries\libfirmwaremodel.a(firmware_model.o)
                              depend_Release_CSR101x_A05\csr_mesh_light.o (FirmwareModelInit)
..\..\libraries\libbearermodel.a(bearer_model.o)
                              depend_Release_CSR101x_A05\csr_mesh_light.o (BearerModelInit)
..\..\libraries\libattentionmodel.a(attention_model.o)
                              depend_Release_CSR101x_A05\csr_mesh_light.o (AttentionModelInit)
..\..\libraries\libstreammodel.a(stream_model.o)
                              depend_Release_CSR101x_A05\app_data_stream.o (StreamStartSender)
C:\CSR_uEnergy_SDK-2.4.5.13\tools\lib\CSR101x_A05\libgatt_lib_ram.a(patch_ls_app_if.o)
                              ..\..\libraries\libcsrmesh.a(csr_mesh.o) (LsRadioEventNotification)
C:\CSR_uEnergy_SDK-2.4.5.13\tools\lib\CSR101x_A05\libgatt_lib_ram.a(ls_app_if_ram.o)
                              ..\..\libraries\libcsrmesh.a(csr_mesh.o) (LsSetTransmitPowerLevel)
C:\CSR_uEnergy_SDK-2.4.5.13\tools\lib\CSR101x_A05\libgatt_lib_ram.a(patch_ls_advertising_if.o)
                              C:\CSR_uEnergy_SDK-2.4.5.13\tools\lib\CSR101x_A05\libgatt_lib_ram.a(patch_ls_app_if.o) (___libgatt_lib_db_4563)
C:\CSR_uEnergy_SDK-2.4.5.13\tools\lib\CSR101x_A05\libgatt_lib_ram.a(gatt_ram.o)
                              depend_Release_CSR101x_A05\csr_mesh_light.o (GattInit)
C:\CSR_uEnergy_SDK-2.4.5.13\tools\lib\CSR101x_A05\libgatt_lib_ram.a(patch_gatt.o)
                              depend_Release_CSR101x_A05\csr_mesh_light_gatt.o (GattCancelConnectReq)
C:\CSR_uEnergy_SDK-2.4.5.13\tools\lib\CSR101x_A05\libgatt_lib_ram.a(sm_ram.o)
                              C:\CSR_uEnergy_SDK-2.4.5.13\tools\lib\CSR101x_A05\libgatt_lib_ram.a(gatt_ram.o) (___libgatt_lib_db_476)
C:\CSR_uEnergy_SDK-2.4.5.13\tools\lib\CSR101x_A05\libgatt_lib_ram.a(patch_sm.o)
                              C:\CSR_uEnergy_SDK-2.4.5.13\tools\lib\CSR101x_A05\libgatt_lib_ram.a(sm_ram.o) (sm_pairing_auth_ind)
C:\CSR_uEnergy_SDK-2.4.5.13\tools\lib\CSR101x_A05\libgatt_lib_ram.a(debug.o)
                              depend_Release_CSR101x_A05\csr_mesh_light.o (DebugWriteString)
C:\CSR_uEnergy_SDK-2.4.5.13\tools\lib\CSR101x_A05\libgatt_lib_ram.a(patch_george.o)
[...]
Memory Configuration

Name             Origin             Length             Attributes
*default*        0x00000000         0xffffffff

Linker script and memory map

LOAD depend_Release_CSR101x_A05\app_gatt_db.o
LOAD depend_Release_CSR101x_A05\csr_mesh_light.o
LOAD depend_Release_CSR101x_A05\iot_hw.o
LOAD depend_Release_CSR101x_A05\gunilamp_hw.o
LOAD depend_Release_CSR101x_A05\csr_mesh_light_hw.o
LOAD depend_Release_CSR101x_A05\gap_service.o
LOAD depend_Release_CSR101x_A05\mesh_control_service.o
LOAD depend_Release_CSR101x_A05\nvm_access.o
LOAD depend_Release_CSR101x_A05\csr_mesh_light_gatt.o
LOAD depend_Release_CSR101x_A05\csr_ota_service.o
LOAD depend_Release_CSR101x_A05\gatt_service.o
LOAD depend_Release_CSR101x_A05\battery_hw.o
LOAD depend_Release_CSR101x_A05\fast_pwm.o
LOAD depend_Release_CSR101x_A05\app_data_stream.o
LOAD depend_Release_CSR101x_A05\pio_ctrlr_code.o
LOAD ..\..\libraries\libcsrmesh.a
LOAD ..\..\libraries\liblightmodel.a
LOAD ..\..\libraries\libpowermodel.a
LOAD ..\..\libraries\libfirmwaremodel.a
LOAD ..\..\libraries\libbearermodel.a
LOAD ..\..\libraries\libbatterymodel.a
LOAD ..\..\libraries\libpingmodel.a
LOAD ..\..\libraries\libattentionmodel.a
LOAD ..\..\libraries\libstreammodel.a
LOAD C:\CSR_uEnergy_SDK-2.4.5.13\tools\lib\CSR101x_A05\libgatt_lib_ram.a
LOAD C:\CSR_uEnergy_SDK-2.4.5.13\tools\lib\otau\libotau.a
LOAD C:\CSR_uEnergy_SDK-2.4.5.13\tools\lib\CSR101x_A05\rom_img.elf
                0x00000000                PROG_RAM_START = 0x0
                0x00008000                PROG_RAM_SIZE = 0x8000
                0x00008000                PROG_ROM_START = 0x8000
                0x00008000                PROG_ROM_SIZE = 0x8000
                0x00002000                DATA_RAM_START = 0x2000
                0x00008000                DATA_RAM_SIZE = 0x8000
                0x000001b0                RADIOBUFS_SIZE = 0x1b0
                0x00000020                WHITELIST_SIZE = 0x20
                0x00000164                RADIODATA_SIZE = 0x164
                0x00000200                USTACK_SIZE = 0x200
                0x00000100                ISTACK_SIZE = 0x100
                0x00009f84                DATA_CSTORE_START = 0x9f84
                0x00000058                CSTORE_SIZE = 0x58
                0x00000004                SLT_SIZE = 0x4
                0x00000020                PRESERVE_SIZE = 0x20
                0x0000a000                DATA_RAM_END = 0xa000
                0x0000a000                DATA_ROM_START = 0xa000
                0x00004000                DATA_ROM_SIZE = 0x4000
                0x0000ef80                DATA_PERSIST_START = 0xef80
                0x00000080                DATA_PERSIST_SIZE = 0x80
                0x00009360                DATA_ROMDATA_START = 0x9360
                0x00000000                PROG_APPCODE_START = 0x0
                0x00006c00                PROG_APPCODE_END = 0x6c00
                0x00008c40                DATA_APPDATA_START = 0x8c40
                0x00008f00                DATA_APPDATA_END = 0x8f00
                0x80000000                $CODE$ = 0x80000000
                0x00000000                $DATA$ = 0x0
                0x0000ffe0                PROVIDE ($XAP_AH, 0xffe0)
                0x0000ffe1                PROVIDE ($XAP_AL, 0xffe1)
                0x0000ffe2                PROVIDE ($XAP_UXH, 0xffe2)
                0x0000ffe3                PROVIDE ($XAP_UXL, 0xffe3)
                0x0000ffe4                PROVIDE ($XAP_UY, 0xffe4)
                0x0000ffe5                PROVIDE ($XAP_IXH, 0xffe5)
                0x0000ffe6                PROVIDE ($XAP_IXL, 0xffe6)
                0x0000ffe7                PROVIDE ($XAP_IY, 0xffe7)
                0x00000008                . = 0x8

.app_ram_init   0x00000008        0x1
 *(RAM_APP_INIT)
 RAM_APP_INIT   0x00000008        0x1 C:\CSR_uEnergy_SDK-2.4.5.13\tools\lib\CSR101x_A05\libgatt_lib_ram.a(main_ram.o)
                0x00000008                main_ram_app_init

.fw_patch_bitmap
                0x00000009        0x6
 *(FW_PATCH_BITMAP)
 FW_PATCH_BITMAP
                0x00000009        0x6 C:\CSR_uEnergy_SDK-2.4.5.13\tools\lib\CSR101x_A05\libgatt_lib_ram.a(sw_patch_ram.o)
                0x00000009                patch_bitmap

.fw_patch_table
                0x0000000f        0x1
 *(FW_PATCH_TABLE)
 FW_PATCH_TABLE
                0x0000000f        0x1 C:\CSR_uEnergy_SDK-2.4.5.13\tools\lib\CSR101x_A05\libgatt_lib_ram.a(sw_patch_ram.o)
                0x0000000f                patch_table
                0x00000010                PROG_APPCODE_START = .

.text           0x00000010     0x490c load address 0x80000010
 *xap2crt0.o(.text)
 *xap2crt0.o(.text.*)
                0x00000010                PROG_PATCH_ADDRESS = .
 *(.hw_patch)
 .hw_patch      0x00000010      0x158 C:\CSR_uEnergy_SDK-2.4.5.13\tools\lib\CSR101x_A05\libgatt_lib_ram.a(patch_baldrick.o)
                0x00000010                hw_patch
 *(.text)
 .text          0x00000168       0x3c C:\CSR_uEnergy_SDK-2.4.5.13\tools\lib\CSR101x_A05\libgatt_lib_ram.a(sm_ram.o)
                0x00000196                SMDistributeMasterLtk
                0x00000168                ___libgatt_lib_db_476
                0x00000178                SMFeaturesReq
 .text          0x000001a4      0x1cf C:\CSR_uEnergy_SDK-2.4.5.13\tools\lib\CSR101x_A05\libgatt_lib_ram.a(patch_sm.o)
                0x000001d9                ___libgatt_lib_db_4587
                0x00000234                ___libgatt_lib_db_4585
                0x000001a4                ___libgatt_lib_db_4584
                0x0000023e                ___libgatt_lib_db_4589
                0x000002c3                ___libgatt_lib_db_4586
                0x0000024d                ___libgatt_lib_db_4583
                0x00000312                ___libgatt_lib_db_4588
                0x0000026f                ___libgatt_lib_db_4598
 .text          0x00000373        0xf C:\CSR_uEnergy_SDK-2.4.5.13\tools\lib\CSR101x_A05\libgatt_lib_ram.a(patch_sm_l2cap.o)
                0x00000373                ___libgatt_lib_db_4600
 *(.text.*)
 .text.GattGetDatabase
                0x00000382        0x8 depend_Release_CSR101x_A05\app_gatt_db.o
                0x00000382                GattGetDatabase
 .text.UartDataRxCallback
                0x0000038a        0x6 depend_Release_CSR101x_A05\csr_mesh_light.o
 .text.AppPowerOnReset
                0x00000390        0x1 depend_Release_CSR101x_A05\csr_mesh_light.o
                0x00000390                AppPowerOnReset
 .text.AppProcessSystemEvent
                0x00000391        0x4 depend_Release_CSR101x_A05\csr_mesh_light.o
                0x00000391                AppProcessSystemEvent
 .text.attnTimerHandler
                0x00000395       0x24 depend_Release_CSR101x_A05\csr_mesh_light.o
 .text.handleGapCppTimerExpiry
                0x000003b9       0x1a depend_Release_CSR101x_A05\csr_mesh_light.o
 .text.initiateAssociation
                0x000003d3       0x28 depend_Release_CSR101x_A05\csr_mesh_light.o
 .text.deviceIdAdvertTimeoutHandler
                0x000003fb       0x38 depend_Release_CSR101x_A05\csr_mesh_light.o
 .text.lightDataNVMWriteTimerHandler
                0x00000433       0x39 depend_Release_CSR101x_A05\csr_mesh_light.o
 .text.issueOTAReset
                0x0000046c        0xa depend_Release_CSR101x_A05\csr_mesh_light.o
 .text.appDataInit
                0x00000476       0x2d depend_Release_CSR101x_A05\csr_mesh_light.o
 .text.readPersistentStore
                0x000004a3      0x191 depend_Release_CSR101x_A05\csr_mesh_light.o
 .text.AppInit  0x00000634       0x9f depend_Release_CSR101x_A05\csr_mesh_light.o
                0x00000634                AppInit
 .text.ReportPanic
                0x000006d3        0x3 depend_Release_CSR101x_A05\csr_mesh_light.o
                0x000006d3                ReportPanic
 .text.requestConnParamUpdate
                0x000006d6       0x2f depend_Release_CSR101x_A05\csr_mesh_light.o
 .text.AppSetState
                0x00000705       0x32 depend_Release_CSR101x_A05\csr_mesh_light.o
                0x00000705                AppSetState
 .text.AppProcessCsrMeshEvent
                0x00000737      0x3c2 depend_Release_CSR101x_A05\csr_mesh_light.o
                0x00000737                AppProcessCsrMeshEvent
 .text.AppProcessLmEvent
                0x00000af9      0x1b7 depend_Release_CSR101x_A05\csr_mesh_light.o
                0x00000af9                AppProcessLmEvent
 .text.IOTLightControlDeviceInit
                0x00000cb0       0x11 depend_Release_CSR101x_A05\iot_hw.o
                0x00000cb0                IOTLightControlDeviceInit
 .text.IOTLightControlDeviceSetColor
                0x00000cc1       0xf2 depend_Release_CSR101x_A05\iot_hw.o
                0x00000cc1                IOTLightControlDeviceSetColor
 .text.IOTLightControlDevicePower
                0x00000db3       0x3b depend_Release_CSR101x_A05\iot_hw.o
                0x00000db3                IOTLightControlDevicePower
 .text.IOTLightControlDeviceBlink
                0x00000dee       0x41 depend_Release_CSR101x_A05\iot_hw.o
                0x00000dee                IOTLightControlDeviceBlink
 .text.LightHardwareSetBlink
                0x00000e2f        0xa depend_Release_CSR101x_A05\csr_mesh_light_hw.o
                0x00000e2f                LightHardwareSetBlink
 .text.LightHardwareSetLevel
                0x00000e39       0x28 depend_Release_CSR101x_A05\csr_mesh_light_hw.o
                0x00000e39                LightHardwareSetLevel
 .text.LightHardwareSetColor
                0x00000e61        0x7 depend_Release_CSR101x_A05\csr_mesh_light_hw.o
                0x00000e61                LightHardwareSetColor
 .text.LightHardwarePowerControl
                0x00000e68        0x2 depend_Release_CSR101x_A05\csr_mesh_light_hw.o
                0x00000e68                LightHardwarePowerControl
 .text.LightHardwareInit
                0x00000e6a        0x2 depend_Release_CSR101x_A05\csr_mesh_light_hw.o
                0x00000e6a                LightHardwareInit
 .text.GapCheckHandleRange
                0x00000e6c        0x7 depend_Release_CSR101x_A05\gap_service.o
                0x00000e6c                GapCheckHandleRange
 .text.GapGetNameAndLength
                0x00000e73        0xc depend_Release_CSR101x_A05\gap_service.o
                0x00000e73                GapGetNameAndLength
 .text.GapDataInit
                0x00000e7f        0xb depend_Release_CSR101x_A05\gap_service.o
                0x00000e7f                GapDataInit
 .text.gapWriteDeviceNameToNvm
                0x00000e8a       0x16 depend_Release_CSR101x_A05\gap_service.o
 .text.GapInitWriteDataToNVM
                0x00000ea0        0xc depend_Release_CSR101x_A05\gap_service.o
                0x00000ea0                GapInitWriteDataToNVM
 .text.updateDeviceName
                0x00000eac       0x15 depend_Release_CSR101x_A05\gap_service.o
 .text.GapReadDataFromNVM
                0x00000ec1       0x32 depend_Release_CSR101x_A05\gap_service.o
                0x00000ec1                GapReadDataFromNVM
 .text.GapHandleAccessWrite
                0x00000ef3       0x1b depend_Release_CSR101x_A05\gap_service.o
                0x00000ef3                GapHandleAccessWrite
 .text.GapHandleAccessRead
                0x00000f0e       0x2d depend_Release_CSR101x_A05\gap_service.o
                0x00000f0e                GapHandleAccessRead
 .text.MeshControlServiceDataInit
                0x00000f3b        0x4 depend_Release_CSR101x_A05\mesh_control_service.o
                0x00000f3b                MeshControlServiceDataInit
 .text.MeshControlCheckHandleRange
                0x00000f3f        0x6 depend_Release_CSR101x_A05\mesh_control_service.o
                0x00000f3f                MeshControlCheckHandleRange
 .text.MeshControlHandleAccessWrite
                0x00000f45       0x78 depend_Release_CSR101x_A05\mesh_control_service.o
                0x00000f45                MeshControlHandleAccessWrite
 .text.MeshControlNotifyResponse
                0x00000fbd       0x24 depend_Release_CSR101x_A05\mesh_control_service.o
                0x00000fbd                MeshControlNotifyResponse
 .text.MeshControlHandleAccessRead
                0x00000fe1       0x55 depend_Release_CSR101x_A05\mesh_control_service.o
                0x00000fe1                MeshControlHandleAccessRead
 .text.Nvm_Disable
                0x00001036        0x9 depend_Release_CSR101x_A05\nvm_access.o
                0x00001036                Nvm_Disable
 .text.Nvm_Write
                0x0000103f        0xe depend_Release_CSR101x_A05\nvm_access.o
                0x0000103f                Nvm_Write
 .text.Nvm_Read
                0x0000104d        0xe depend_Release_CSR101x_A05\nvm_access.o
                0x0000104d                Nvm_Read
 .text.GetSupported16BitUUIDServiceList
                0x0000105b        0xb depend_Release_CSR101x_A05\csr_mesh_light_gatt.o
                0x0000105b                GetSupported16BitUUIDServiceList
 .text.gattSetAdvertParams
                0x00001066       0x79 depend_Release_CSR101x_A05\csr_mesh_light_gatt.o
 .text.GattTriggerFastAdverts
                0x000010df       0x47 depend_Release_CSR101x_A05\csr_mesh_light_gatt.o
                0x000010df                GattTriggerFastAdverts
 .text.gattAdvertTimerHandler
                0x00001126        0x9 depend_Release_CSR101x_A05\csr_mesh_light_gatt.o
 .text.GattStopAdverts
                0x0000112f        0x2 depend_Release_CSR101x_A05\csr_mesh_light_gatt.o
                0x0000112f                GattStopAdverts
 .text.HandleAccessWrite
                0x00001131       0x35 depend_Release_CSR101x_A05\csr_mesh_light_gatt.o
                0x00001131                HandleAccessWrite
 .text.HandleAccessRead
                0x00001166       0x36 depend_Release_CSR101x_A05\csr_mesh_light_gatt.o
                0x00001166                HandleAccessRead
 .text.OtaDataInit
                0x0000119c        0x4 depend_Release_CSR101x_A05\csr_ota_service.o
                0x0000119c                OtaDataInit
 .text.OtaCheckHandleRange
                0x000011a0        0x7 depend_Release_CSR101x_A05\csr_ota_service.o
                0x000011a0                OtaCheckHandleRange
 .text.OtaResetRequired
                0x000011a7        0x3 depend_Release_CSR101x_A05\csr_ota_service.o
                0x000011a7                OtaResetRequired
 .text.OtaHandleAccessWrite
                0x000011aa       0x8f depend_Release_CSR101x_A05\csr_ota_service.o
                0x000011aa                OtaHandleAccessWrite
 .text.OtaHandleAccessRead
                0x00001239       0x43 depend_Release_CSR101x_A05\csr_ota_service.o
                0x00001239                OtaHandleAccessRead
 .text.GattDataInit
                0x0000127c        0x4 depend_Release_CSR101x_A05\gatt_service.o
                0x0000127c                GattDataInit
 .text.GattServiceChangedIndActive
                0x00001280        0xe depend_Release_CSR101x_A05\gatt_service.o
                0x00001280                GattServiceChangedIndActive
 .text.GattCheckHandleRange
                0x0000128e        0x7 depend_Release_CSR101x_A05\gatt_service.o
                0x0000128e                GattCheckHandleRange
 .text.GattHandleAccessWrite
                0x00001295       0x28 depend_Release_CSR101x_A05\gatt_service.o
                0x00001295                GattHandleAccessWrite
 .text.GattHandleAccessRead
                0x000012bd       0x27 depend_Release_CSR101x_A05\gatt_service.o
                0x000012bd                GattHandleAccessRead
 .text.handleCSRmeshDataStreamFlushInd
                0x000012e4       0x22 depend_Release_CSR101x_A05\app_data_stream.o
                0x000012e4                handleCSRmeshDataStreamFlushInd
 .text.sendNextPacket
                0x00001306       0x33 depend_Release_CSR101x_A05\app_data_stream.o
 .text.handleCSRmeshDataStreamSendCfm
                0x00001339        0x1 depend_Release_CSR101x_A05\app_data_stream.o
                0x00001339                handleCSRmeshDataStreamSendCfm
 .text.streamSendRetryTimer
                0x0000133a       0x24 depend_Release_CSR101x_A05\app_data_stream.o
 .text.handleCSRmeshDataStreamDataInd
                0x0000135e       0x6b depend_Release_CSR101x_A05\app_data_stream.o
                0x0000135e                handleCSRmeshDataStreamDataInd
 .text.handleCSRmeshDataBlockInd
                0x000013c9       0x23 depend_Release_CSR101x_A05\app_data_stream.o
                0x000013c9                handleCSRmeshDataBlockInd
 .text.rxStreamTimeoutHandler
                0x000013ec        0xb depend_Release_CSR101x_A05\app_data_stream.o
 .text.AppDataStreamInit
                0x000013f7       0x17 depend_Release_CSR101x_A05\app_data_stream.o
                0x000013f7                AppDataStreamInit
 .text.___libcsrmesh_278
                0x0000140e        0x3 ..\..\libraries\libcsrmesh.a(csr_mesh.o)
                0x0000140e                ___libcsrmesh_278
 .text.CsrMeshRelayEnable
                0x00001411       0x16 ..\..\libraries\libcsrmesh.a(csr_mesh.o)
                0x00001411                CsrMeshRelayEnable
 .text.CsrMeshIsRelayEnabled
                0x00001427        0x4 ..\..\libraries\libcsrmesh.a(csr_mesh.o)
                0x00001427                CsrMeshIsRelayEnabled
 .text.CsrMeshEnablePromiscuousMode
                0x0000142b        0x3 ..\..\libraries\libcsrmesh.a(csr_mesh.o)
                0x0000142b                CsrMeshEnablePromiscuousMode
 .text.CsrMeshIsPromiscuousModeEnabled
                0x0000142e        0x4 ..\..\libraries\libcsrmesh.a(csr_mesh.o)
                0x0000142e                CsrMeshIsPromiscuousModeEnabled
 .text.CsrMeshEnableRawMsgEvent
                0x00001432        0x3 ..\..\libraries\libcsrmesh.a(csr_mesh.o)
                0x00001432                CsrMeshEnableRawMsgEvent
 .text.CsrMeshGetAdvScanParam
                0x00001435       0x92 ..\..\libraries\libcsrmesh.a(csr_mesh.o)
                0x00001435                CsrMeshGetAdvScanParam
 .text.CsrMeshSetAdvScanParam
                0x000014c7       0xfd ..\..\libraries\libcsrmesh.a(csr_mesh.o)
                0x000014c7                CsrMeshSetAdvScanParam
 .text.___libcsrmesh_274
                0x000015c4       0x14 ..\..\libraries\libcsrmesh.a(csr_mesh.o)
                0x000015c4                ___libcsrmesh_274
 .text.CsrMeshUpdateLastETag
                0x000015d8        0x2 ..\..\libraries\libcsrmesh.a(csr_mesh.o)
                0x000015d8                CsrMeshUpdateLastETag
 .text.meshStartScan
                0x000015da       0x44 ..\..\libraries\libcsrmesh.a(csr_mesh.o)
 .text.randomDelay
                0x0000161e        0x8 ..\..\libraries\libcsrmesh.a(csr_mesh.o)
 .text.CsrMeshSendUserAdvert
                0x00001626       0x32 ..\..\libraries\libcsrmesh.a(csr_mesh.o)
                0x00001626                CsrMeshSendUserAdvert
 .text.checkIsTxQueueEmpty
                0x00001658       0x28 ..\..\libraries\libcsrmesh.a(csr_mesh.o)
 .text.meshNotifyRawMessage
                0x00001680       0x10 ..\..\libraries\libcsrmesh.a(csr_mesh.o)
 .text.meshStartAdverts
                0x00001690       0xd8 ..\..\libraries\libcsrmesh.a(csr_mesh.o)
 .text.meshAdvertTimeoutHandler
                0x00001768       0x5a ..\..\libraries\libcsrmesh.a(csr_mesh.o)
 .text.meshStartUserAdverts
                0x000017c2       0x8e ..\..\libraries\libcsrmesh.a(csr_mesh.o)
 .text.meshAdvertDelayTimeoutHandler
                0x00001850       0x10 ..\..\libraries\libcsrmesh.a(csr_mesh.o)
 .text.meshScanTimeoutHandler
                0x00001860       0x10 ..\..\libraries\libcsrmesh.a(csr_mesh.o)
 .text.meshConnectionBusyTimeoutHandler
                0x00001870       0x20 ..\..\libraries\libcsrmesh.a(csr_mesh.o)
 .text.CsrMeshStart
                0x00001890       0x1c ..\..\libraries\libcsrmesh.a(csr_mesh.o)
                0x00001890                CsrMeshStart
 .text.CsrMeshStoreUserAdvData
                0x000018ac       0x2d ..\..\libraries\libcsrmesh.a(csr_mesh.o)
                0x000018ac                CsrMeshStoreUserAdvData
 .text.CsrMeshHandleRadioEvent
                0x000018d9       0x97 ..\..\libraries\libcsrmesh.a(csr_mesh.o)
                0x000018d9                CsrMeshHandleRadioEvent
 .text.meshMissingRadioEventTimeoutHandler
                0x00001970        0x9 ..\..\libraries\libcsrmesh.a(csr_mesh.o)
 .text.meshConnectionIdleTimeoutHandler
                0x00001979       0x1c ..\..\libraries\libcsrmesh.a(csr_mesh.o)
 .text.meshStop
                0x00001995       0x31 ..\..\libraries\libcsrmesh.a(csr_mesh.o)
 .text.meshConnUpdateStopMeshTimeoutHandler
                0x000019c6        0xc ..\..\libraries\libcsrmesh.a(csr_mesh.o)
 .text.CsrMeshHandleDataInConnection
                0x000019d2       0x66 ..\..\libraries\libcsrmesh.a(csr_mesh.o)
                0x000019d2                CsrMeshHandleDataInConnection
 .text.CsrMeshAdvertiseDeviceAppearance
                0x00001a38       0x1f ..\..\libraries\libcsrmesh.a(csr_mesh.o)
                0x00001a38                CsrMeshAdvertiseDeviceAppearance
 .text.CsrMeshAssociateToANetwork
                0x00001a57        0x4 ..\..\libraries\libcsrmesh.a(csr_mesh.o)
                0x00001a57                CsrMeshAssociateToANetwork
 .text.CsrMeshGetTxPower
                0x00001a5b        0x8 ..\..\libraries\libcsrmesh.a(csr_mesh.o)
                0x00001a5b                CsrMeshGetTxPower
 .text.CsrMeshSetTxPower
                0x00001a63       0x18 ..\..\libraries\libcsrmesh.a(csr_mesh.o)
                0x00001a63                CsrMeshSetTxPower
 .text.CsrMeshGetMessageTTL
                0x00001a7b        0xd ..\..\libraries\libcsrmesh.a(csr_mesh.o)
                0x00001a7b                CsrMeshGetMessageTTL
 .text.CsrMeshSetMessageTTL
                0x00001a88       0x12 ..\..\libraries\libcsrmesh.a(csr_mesh.o)
                0x00001a88                CsrMeshSetMessageTTL
 .text.CsrMeshProcessRawMessage
                0x00001a9a       0x1d ..\..\libraries\libcsrmesh.a(csr_mesh.o)
                0x00001a9a                CsrMeshProcessRawMessage
 .text.CsrMeshProcessMessage
                0x00001ab7       0x9e ..\..\libraries\libcsrmesh.a(csr_mesh.o)
                0x00001ab7                CsrMeshProcessMessage
 .text.meshAddMessageToTxQueue
                0x00001b55       0x98 ..\..\libraries\libcsrmesh.a(csr_mesh.o)
 .text.___libcsrmesh_282
                0x00001bed       0x34 ..\..\libraries\libcsrmesh.a(csr_mesh.o)
                0x00001bed                ___libcsrmesh_282
 .text.CsrMeshSendMessage
                0x00001c21       0x21 ..\..\libraries\libcsrmesh.a(csr_mesh.o)
                0x00001c21                CsrMeshSendMessage
 .text.CsrMeshGetDeviceUUID
                0x00001c42        0xf ..\..\libraries\libcsrmesh.a(csr_mesh.o)
                0x00001c42                CsrMeshGetDeviceUUID
 .text.CsrMeshInit
                0x00001c51       0x68 ..\..\libraries\libcsrmesh.a(csr_mesh.o)
                0x00001c51                CsrMeshInit
 .text.___libcsrmesh_53
                0x00001cb9        0x3 ..\..\libraries\libcsrmesh.a(masp.o)
                0x00001cb9                ___libcsrmesh_53
 .text.___libcsrmesh_45
                0x00001cbc        0x3 ..\..\libraries\libcsrmesh.a(masp.o)
                0x00001cbc                ___libcsrmesh_45
 .text.maspFreeConfirmationBuffers
                0x00001cbf       0x13 ..\..\libraries\libcsrmesh.a(masp.o)
 .text.maspResetState
                0x00001cd2       0x51 ..\..\libraries\libcsrmesh.a(masp.o)
 .text.___libcsrmesh_49
                0x00001d23        0x1 ..\..\libraries\libcsrmesh.a(masp.o)
                0x00001d23                ___libcsrmesh_49
 .text.maspWatchdogTimeoutHandler
                0x00001d24        0x8 ..\..\libraries\libcsrmesh.a(masp.o)
 .text.___libcsrmesh_46
                0x00001d2c        0x8 ..\..\libraries\libcsrmesh.a(masp.o)
                0x00001d2c                ___libcsrmesh_46
 .text.maspCalculateConfirmation
                0x00001d34       0x4c ..\..\libraries\libcsrmesh.a(masp.o)
 .text.maspSendMessage
                0x00001d80       0x38 ..\..\libraries\libcsrmesh.a(masp.o)
 .text.___libcsrmesh_48
                0x00001db8      0x228 ..\..\libraries\libcsrmesh.a(masp.o)
                0x00001db8                ___libcsrmesh_48
 .text.___libcsrmesh_418
                0x00001fe0       0x2a ..\..\libraries\libcsrmesh.a(masp.o)
                0x00001fe0                ___libcsrmesh_418
 .text.___libcsrmesh_42
                0x0000200a        0xe ..\..\libraries\libcsrmesh.a(masp.o)
                0x0000200a                ___libcsrmesh_42
 .text.___libcsrmesh_439
                0x00002018        0xc ..\..\libraries\libcsrmesh.a(masp.o)
                0x00002018                ___libcsrmesh_439
 .text.___libcsrmesh_47
                0x00002024       0x33 ..\..\libraries\libcsrmesh.a(masp.o)
                0x00002024                ___libcsrmesh_47
 .text.___libcsrmesh_85
                0x00002057       0x11 ..\..\libraries\libcsrmesh.a(mtl.o)
                0x00002057                ___libcsrmesh_85
 .text.___libcsrmesh_420
                0x00002068       0x17 ..\..\libraries\libcsrmesh.a(mtl.o)
                0x00002068                ___libcsrmesh_420
 .text.___libcsrmesh_79
                0x0000207f       0x1b ..\..\libraries\libcsrmesh.a(mtl.o)
                0x0000207f                ___libcsrmesh_79
 .text.mtlCryptMessage
                0x0000209a       0x35 ..\..\libraries\libcsrmesh.a(mtl.o)
 .text.mtlCalculateMAC
                0x000020cf       0x2f ..\..\libraries\libcsrmesh.a(mtl.o)
 .text.mtlUpdatePacketCache
                0x000020fe       0x16 ..\..\libraries\libcsrmesh.a(mtl.o)
 .text.___libcsrmesh_86
                0x00002114       0x4c ..\..\libraries\libcsrmesh.a(mtl.o)
                0x00002114                ___libcsrmesh_86
 .text.___libcsrmesh_81
                0x00002160       0xde ..\..\libraries\libcsrmesh.a(mtl.o)
                0x00002160                ___libcsrmesh_81
 .text.___libcsrmesh_106
                0x0000223e        0xd ..\..\libraries\libcsrmesh.a(mcp.o)
                0x0000223e                ___libcsrmesh_106
 .text.___libcsrmesh_102
                0x0000224b        0x3 ..\..\libraries\libcsrmesh.a(mcp.o)
                0x0000224b                ___libcsrmesh_102
 .text.___libcsrmesh_112
                0x0000224e        0x3 ..\..\libraries\libcsrmesh.a(mcp.o)
                0x0000224e                ___libcsrmesh_112
 .text.___libcsrmesh_105
                0x00002251        0x3 ..\..\libraries\libcsrmesh.a(mcp.o)
                0x00002251                ___libcsrmesh_105
 .text.___libcsrmesh_101
                0x00002254       0x24 ..\..\libraries\libcsrmesh.a(mcp.o)
                0x00002254                ___libcsrmesh_101
 .text.mcpUpdateStoredSeqNumber
                0x00002278       0x13 ..\..\libraries\libcsrmesh.a(mcp.o)
 .text.___libcsrmesh_110
                0x0000228b       0x57 ..\..\libraries\libcsrmesh.a(mcp.o)
                0x0000228b                ___libcsrmesh_110
 .text.___libcsrmesh_113
                0x000022e2        0xa ..\..\libraries\libcsrmesh.a(mcp.o)
                0x000022e2                ___libcsrmesh_113
 .text.___libcsrmesh_108
                0x000022ec       0x76 ..\..\libraries\libcsrmesh.a(mcp.o)
                0x000022ec                ___libcsrmesh_108
 .text.___libcsrmesh_103
                0x00002362        0x8 ..\..\libraries\libcsrmesh.a(mcp.o)
                0x00002362                ___libcsrmesh_103
 .text.___libcsrmesh_111
                0x0000236a       0x29 ..\..\libraries\libcsrmesh.a(mcp.o)
                0x0000236a                ___libcsrmesh_111
 .text.___libcsrmesh_107
                0x00002393       0x2c ..\..\libraries\libcsrmesh.a(mcp.o)
                0x00002393                ___libcsrmesh_107
 .text.___libcsrmesh_119
                0x000023bf       0x23 ..\..\libraries\libcsrmesh.a(masp_mcp_common.o)
                0x000023bf                ___libcsrmesh_119
 .text.___libcsrmesh_129
                0x000023e2       0x20 ..\..\libraries\libcsrmesh.a(config_model.o)
                0x000023e2                ___libcsrmesh_129
 .text.___libcsrmesh_127
                0x00002402       0x16 ..\..\libraries\libcsrmesh.a(config_model.o)
                0x00002402                ___libcsrmesh_127
 .text.configModelServerHandler
                0x00002418      0x1bb ..\..\libraries\libcsrmesh.a(config_model.o)
 .text.___libcsrmesh_132
                0x000025d3       0x11 ..\..\libraries\libcsrmesh.a(group_model.o)
                0x000025d3                ___libcsrmesh_132
 .text.groupModelServerHandler
                0x000025e4       0x81 ..\..\libraries\libcsrmesh.a(group_model.o)
 .text.___libcsrmesh_314
                0x00002665       0x6c ..\..\libraries\libcsrmesh.a(SMAes.o)
                0x00002665                ___libcsrmesh_314
 .text.___libcsrmesh_327
                0x000026d1       0x97 ..\..\libraries\libcsrmesh.a(sha256_get_results.o)
                0x000026d1                ___libcsrmesh_327
 .text.___libcsrmesh_330
                0x00002768       0x19 ..\..\libraries\libcsrmesh.a(sha256_initialise.o)
                0x00002768                ___libcsrmesh_330
 .text.sha256_process_data
                0x00002781       0x85 ..\..\libraries\libcsrmesh.a(sha256_process_data.o)
 .text.___libcsrmesh_336
                0x00002806        0xc ..\..\libraries\libcsrmesh.a(sha256_process_data.o)
                0x00002806                ___libcsrmesh_336
 .text.___libcsrmesh_337
                0x00002812        0xa ..\..\libraries\libcsrmesh.a(sha256_process_data.o)
                0x00002812                ___libcsrmesh_337
 .text.ec_math_alloc_projective_point
                0x0000281c        0xd ..\..\libraries\libcsrmesh.a(ec_math.o)
 .text.ec_math_copy_projective_point
                0x00002829       0x16 ..\..\libraries\libcsrmesh.a(ec_math.o)
 .text.ec_math_set_projective_point_to_origin
                0x0000283f       0x18 ..\..\libraries\libcsrmesh.a(ec_math.o)
 .text.ec_math_free_projective_point
                0x00002857        0x3 ..\..\libraries\libcsrmesh.a(ec_math.o)
 .text.ec_math_modP192_add
                0x0000285a        0xc ..\..\libraries\libcsrmesh.a(ec_math.o)
 .text.ec_math_modP192_mul
                0x00002866       0x81 ..\..\libraries\libcsrmesh.a(ec_math.o)
 .text.ec_math_modP192_sub
                0x000028e7       0x1a ..\..\libraries\libcsrmesh.a(ec_math.o)
 .text.ec_math_double
                0x00002901       0xca ..\..\libraries\libcsrmesh.a(ec_math.o)
 .text.ec_math_full_add
                0x000029cb      0x170 ..\..\libraries\libcsrmesh.a(ec_math.o)
 .text.ec_math_affinify
                0x00002b3b       0xc2 ..\..\libraries\libcsrmesh.a(ec_math.o)
 .text.ec_math_mul
                0x00002bfd       0xf5 ..\..\libraries\libcsrmesh.a(ec_math.o)
 .text.___libcsrmesh_359
                0x00002cf2       0x2b ..\..\libraries\libcsrmesh.a(ec_math.o)
                0x00002cf2                ___libcsrmesh_359
 .text.___libcsrmesh_360
                0x00002d1d       0x51 ..\..\libraries\libcsrmesh.a(ec_math.o)
                0x00002d1d                ___libcsrmesh_360
 .text.___libcsrmesh_391
                0x00002d6e        0xf ..\..\libraries\libcsrmesh.a(large_num.o)
                0x00002d6e                ___libcsrmesh_391
 .text.___libcsrmesh_390
                0x00002d7d       0x12 ..\..\libraries\libcsrmesh.a(large_num.o)
                0x00002d7d                ___libcsrmesh_390
 .text.___libcsrmesh_385
                0x00002d8f       0x24 ..\..\libraries\libcsrmesh.a(large_num.o)
                0x00002d8f                ___libcsrmesh_385
 .text.___libcsrmesh_398
                0x00002db3       0x24 ..\..\libraries\libcsrmesh.a(large_num.o)
                0x00002db3                ___libcsrmesh_398
 .text.___libcsrmesh_387
                0x00002dd7       0x28 ..\..\libraries\libcsrmesh.a(large_num.o)
                0x00002dd7                ___libcsrmesh_387
 .text.___libcsrmesh_393
                0x00002dff       0x17 ..\..\libraries\libcsrmesh.a(large_num.o)
                0x00002dff                ___libcsrmesh_393
 .text.___libcsrmesh_394
                0x00002e16       0x12 ..\..\libraries\libcsrmesh.a(large_num.o)
                0x00002e16                ___libcsrmesh_394
 .text.___libcsrmesh_397
                0x00002e28       0x26 ..\..\libraries\libcsrmesh.a(large_num.o)
                0x00002e28                ___libcsrmesh_397
 .text.___libcsrmesh_395
                0x00002e4e       0x51 ..\..\libraries\libcsrmesh.a(large_num.o)
                0x00002e4e                ___libcsrmesh_395
 .text.___libcsrmesh_402
                0x00002e9f        0xa ..\..\libraries\libcsrmesh.a(ec_alloc.o)
                0x00002e9f                ___libcsrmesh_402
 .text.___libcsrmesh_401
                0x00002ea9       0x17 ..\..\libraries\libcsrmesh.a(ec_alloc.o)
                0x00002ea9                ___libcsrmesh_401
 .text.___libcsrmesh_406
                0x00002ec0       0x24 ..\..\libraries\libcsrmesh.a(sha256_hmac.o)
                0x00002ec0                ___libcsrmesh_406
 .text.___libcsrmesh_435
                0x00002ee4       0x39 ..\..\libraries\libcsrmesh.a(sha256_hmac.o)
                0x00002ee4                ___libcsrmesh_435
 .text.___libcsrmesh_436
                0x00002f1d       0x3f ..\..\libraries\libcsrmesh.a(sha256_hmac.o)
                0x00002f1d                ___libcsrmesh_436
 .text.___libcsrmesh_405
                0x00002f5c       0x73 ..\..\libraries\libcsrmesh.a(sha256_hmac.o)
                0x00002f5c                ___libcsrmesh_405
 .text.___libcsrmesh_316
                0x00002fcf       0x44 ..\..\libraries\libcsrmesh.a(sha_add_to_cache.o)
                0x00002fcf                ___libcsrmesh_316
 .text.sha256_calc_ith_hash_val
                0x00003013      0x1be ..\..\libraries\libcsrmesh.a(sha256_calc_ith_hash_val.o)
 .text.___libcsrmesh_322
                0x000031d1       0x15 ..\..\libraries\libcsrmesh.a(sha256_calc_ith_hash_val.o)
                0x000031d1                ___libcsrmesh_322
 .text.___libcsrmesh_323
                0x000031e6       0x37 ..\..\libraries\libcsrmesh.a(sha256_calc_ith_hash_val.o)
                0x000031e6                ___libcsrmesh_323
 .text.___libcsrmesh_324
                0x0000321d        0xe ..\..\libraries\libcsrmesh.a(sha256_calc_ith_hash_val.o)
                0x0000321d                ___libcsrmesh_324
 .text.LightModelInit
                0x0000322b       0x12 ..\..\libraries\liblightmodel.a(light_model.o)
                0x0000322b                LightModelInit
 .text.handleMcpLightModelMsg
                0x0000323d       0x86 ..\..\libraries\liblightmodel.a(light_model.o)
 .text.PowerModelInit
                0x000032c3       0x11 ..\..\libraries\libpowermodel.a(power_model.o)
                0x000032c3                PowerModelInit
 .text.handleMcpPowerModelMsg
                0x000032d4       0x54 ..\..\libraries\libpowermodel.a(power_model.o)
 .text.FirmwareModelInit
                0x00003328       0x10 ..\..\libraries\libfirmwaremodel.a(firmware_model.o)
                0x00003328                FirmwareModelInit
 .text.handleMcpFirmwareModelMsg
                0x00003338       0x5c ..\..\libraries\libfirmwaremodel.a(firmware_model.o)
 .text.BearerModelInit
                0x00003394       0x11 ..\..\libraries\libbearermodel.a(bearer_model.o)
                0x00003394                BearerModelInit
 .text.handleMcpBearerModelMsg
                0x000033a5       0x5e ..\..\libraries\libbearermodel.a(bearer_model.o)
 .text.AttentionModelInit
                0x00003403       0x12 ..\..\libraries\libattentionmodel.a(attention_model.o)
                0x00003403                AttentionModelInit
 .text.handleMcpAttnModelMsg
                0x00003415       0x3b ..\..\libraries\libattentionmodel.a(attention_model.o)
 .text.StreamStartSender
                0x00003450        0xb ..\..\libraries\libstreammodel.a(stream_model.o)
                0x00003450                StreamStartSender
 .text.StreamReset
                0x0000345b        0x8 ..\..\libraries\libstreammodel.a(stream_model.o)
                0x0000345b                StreamReset
 .text.StreamFlush
                0x00003463       0x30 ..\..\libraries\libstreammodel.a(stream_model.o)
                0x00003463                StreamFlush
 .text.StreamResendLastData
                0x00003493       0x12 ..\..\libraries\libstreammodel.a(stream_model.o)
                0x00003493                StreamResendLastData
 .text.StreamSendData
                0x000034a5       0x3f ..\..\libraries\libstreammodel.a(stream_model.o)
                0x000034a5                StreamSendData
 .text.StreamModelInit
                0x000034e4       0x21 ..\..\libraries\libstreammodel.a(stream_model.o)
                0x000034e4                StreamModelInit
 .text.handleMcpStreamModelMsg
                0x00003505      0x127 ..\..\libraries\libstreammodel.a(stream_model.o)
 .text.___libgatt_lib_db_4554
                0x0000362c        0x7 C:\CSR_uEnergy_SDK-2.4.5.13\tools\lib\CSR101x_A05\libgatt_lib_ram.a(patch_ls_app_if.o)
                0x0000362c                ___libgatt_lib_db_4554
 .text.patch_process_hci_event
                0x00003633       0x2f C:\CSR_uEnergy_SDK-2.4.5.13\tools\lib\CSR101x_A05\libgatt_lib_ram.a(patch_ls_app_if.o)
 .text.LsRadioEventNotification
                0x00003662        0x9 C:\CSR_uEnergy_SDK-2.4.5.13\tools\lib\CSR101x_A05\libgatt_lib_ram.a(patch_ls_app_if.o)
                0x00003662                LsRadioEventNotification
 .text.LsSetTransmitPowerLevel
                0x0000366b        0x9 C:\CSR_uEnergy_SDK-2.4.5.13\tools\lib\CSR101x_A05\libgatt_lib_ram.a(ls_app_if_ram.o)
                0x0000366b                LsSetTransmitPowerLevel
 .text.LsReadTransmitPowerLevel
                0x00003674        0x8 C:\CSR_uEnergy_SDK-2.4.5.13\tools\lib\CSR101x_A05\libgatt_lib_ram.a(ls_app_if_ram.o)
                0x00003674                LsReadTransmitPowerLevel
 .text.___libgatt_lib_db_4563
                0x0000367c        0xe C:\CSR_uEnergy_SDK-2.4.5.13\tools\lib\CSR101x_A05\libgatt_lib_ram.a(patch_ls_advertising_if.o)
                0x0000367c                ___libgatt_lib_db_4563
 .text.ls_advscan_set_payload_data
                0x0000368a       0x46 C:\CSR_uEnergy_SDK-2.4.5.13\tools\lib\CSR101x_A05\libgatt_lib_ram.a(patch_ls_advertising_if.o)
 .text.___libgatt_lib_db_4564
                0x000036d0        0xb C:\CSR_uEnergy_SDK-2.4.5.13\tools\lib\CSR101x_A05\libgatt_lib_ram.a(patch_ls_advertising_if.o)
                0x000036d0                ___libgatt_lib_db_4564
 .text.LsStoreAdvDataNoAdFlags
                0x000036db       0x2c C:\CSR_uEnergy_SDK-2.4.5.13\tools\lib\CSR101x_A05\libgatt_lib_ram.a(patch_ls_advertising_if.o)
                0x000036db                LsStoreAdvDataNoAdFlags
 .text.LsStoreAdvScanData
                0x00003707        0xf C:\CSR_uEnergy_SDK-2.4.5.13\tools\lib\CSR101x_A05\libgatt_lib_ram.a(patch_ls_advertising_if.o)
                0x00003707                LsStoreAdvScanData
 .text.LsStartStopAdvertise
                0x00003716        0xc C:\CSR_uEnergy_SDK-2.4.5.13\tools\lib\CSR101x_A05\libgatt_lib_ram.a(patch_ls_advertising_if.o)
                0x00003716                LsStartStopAdvertise
 .text.GattInit
                0x00003722       0x1f C:\CSR_uEnergy_SDK-2.4.5.13\tools\lib\CSR101x_A05\libgatt_lib_ram.a(gatt_ram.o)
                0x00003722                GattInit
 .text.GattCancelConnectReq
                0x00003741        0x6 C:\CSR_uEnergy_SDK-2.4.5.13\tools\lib\CSR101x_A05\libgatt_lib_ram.a(patch_gatt.o)
                0x00003741                GattCancelConnectReq
 .text.DebugWriteString
                0x00003747        0x9 C:\CSR_uEnergy_SDK-2.4.5.13\tools\lib\CSR101x_A05\libgatt_lib_ram.a(debug.o)
                0x00003747                DebugWriteString
 .text.write_uint_n
                0x00003750       0x30 C:\CSR_uEnergy_SDK-2.4.5.13\tools\lib\CSR101x_A05\libgatt_lib_ram.a(debug.o)
 .text.DebugWriteUint16
                0x00003780        0x6 C:\CSR_uEnergy_SDK-2.4.5.13\tools\lib\CSR101x_A05\libgatt_lib_ram.a(debug.o)
                0x00003780                DebugWriteUint16
 .text.DebugWriteUint8
                0x00003786        0x6 C:\CSR_uEnergy_SDK-2.4.5.13\tools\lib\CSR101x_A05\libgatt_lib_ram.a(debug.o)
                0x00003786                DebugWriteUint8
 .text.DebugInit
                0x0000378c       0x20 C:\CSR_uEnergy_SDK-2.4.5.13\tools\lib\CSR101x_A05\libgatt_lib_ram.a(debug.o)
                0x0000378c                DebugInit
 .text.ram_le_connection_timeout_A05
                0x000037ac       0x34 C:\CSR_uEnergy_SDK-2.4.5.13\tools\lib\CSR101x_A05\libgatt_lib_ram.a(patch_george.o)
 .text.___libgatt_lib_db_4603
                0x000037e0        0x8 C:\CSR_uEnergy_SDK-2.4.5.13\tools\lib\CSR101x_A05\libgatt_lib_ram.a(patch_george.o)
                0x000037e0                ___libgatt_lib_db_4603
 .text.___libgatt_lib_db_4609
                0x000037e8       0x1b C:\CSR_uEnergy_SDK-2.4.5.13\tools\lib\CSR101x_A05\libgatt_lib_ram.a(patch_george.o)
                0x000037e8                ___libgatt_lib_db_4609
 .text.___libgatt_lib_db_4608
                0x00003803       0xde C:\CSR_uEnergy_SDK-2.4.5.13\tools\lib\CSR101x_A05\libgatt_lib_ram.a(patch_george.o)
                0x00003803                ___libgatt_lib_db_4608
 .text.rx_timing_report
                0x000038e1       0xb1 C:\CSR_uEnergy_SDK-2.4.5.13\tools\lib\CSR101x_A05\libgatt_lib_ram.a(patch_george.o)
 .text.ram_le_handle_event
                0x00003992       0xeb C:\CSR_uEnergy_SDK-2.4.5.13\tools\lib\CSR101x_A05\libgatt_lib_ram.a(patch_george.o)
 .text.___libgatt_lib_db_4550
                0x00003a7d       0x1c C:\CSR_uEnergy_SDK-2.4.5.13\tools\lib\CSR101x_A05\libgatt_lib_ram.a(patch_george.o)
                0x00003a7d                ___libgatt_lib_db_4550
 .text.___libgatt_lib_db_4549
                0x00003a99       0x2d C:\CSR_uEnergy_SDK-2.4.5.13\tools\lib\CSR101x_A05\libgatt_lib_ram.a(patch_george.o)
                0x00003a99                ___libgatt_lib_db_4549
 .text.___libgatt_lib_db_4604
                0x00003ac6      0x17f C:\CSR_uEnergy_SDK-2.4.5.13\tools\lib\CSR101x_A05\libgatt_lib_ram.a(patch_george.o)
                0x00003ac6                ___libgatt_lib_db_4604
 .text.___libgatt_lib_db_4544
                0x00003c45       0x26 C:\CSR_uEnergy_SDK-2.4.5.13\tools\lib\CSR101x_A05\libgatt_lib_ram.a(patch_george.o)
                0x00003c45                ___libgatt_lib_db_4544
 .text.___libgatt_lib_db_4610
                0x00003c6b       0xb4 C:\CSR_uEnergy_SDK-2.4.5.13\tools\lib\CSR101x_A05\libgatt_lib_ram.a(patch_george.o)
                0x00003c6b                ___libgatt_lib_db_4610
 .text.___libgatt_lib_db_4620
                0x00003d1f        0xc C:\CSR_uEnergy_SDK-2.4.5.13\tools\lib\CSR101x_A05\libgatt_lib_ram.a(patch_george_ll.o)
                0x00003d1f                ___libgatt_lib_db_4620
 .text.___libgatt_lib_db_4619
                0x00003d2b       0x11 C:\CSR_uEnergy_SDK-2.4.5.13\tools\lib\CSR101x_A05\libgatt_lib_ram.a(patch_george_ll.o)
                0x00003d2b                ___libgatt_lib_db_4619
 .text.___libgatt_lib_db_4621
                0x00003d3c      0x121 C:\CSR_uEnergy_SDK-2.4.5.13\tools\lib\CSR101x_A05\libgatt_lib_ram.a(patch_george_ll.o)
                0x00003d3c                ___libgatt_lib_db_4621
 .text.___libgatt_lib_db_4636
                0x00003e5d       0x27 C:\CSR_uEnergy_SDK-2.4.5.13\tools\lib\CSR101x_A05\libgatt_lib_ram.a(patch_dbase.o)
                0x00003e5d                ___libgatt_lib_db_4636
 .text.___libgatt_lib_db_4630
                0x00003e84       0x16 C:\CSR_uEnergy_SDK-2.4.5.13\tools\lib\CSR101x_A05\libgatt_lib_ram.a(patch_dbase.o)
                0x00003e84                ___libgatt_lib_db_4630
 .text.dbase_safe_access_check_curr
                0x00003e9a        0x3 C:\CSR_uEnergy_SDK-2.4.5.13\tools\lib\CSR101x_A05\libgatt_lib_ram.a(patch_dbase.o)
 .text.___libgatt_lib_db_4635
                0x00003e9d       0x11 C:\CSR_uEnergy_SDK-2.4.5.13\tools\lib\CSR101x_A05\libgatt_lib_ram.a(patch_dbase.o)
                0x00003e9d                ___libgatt_lib_db_4635
 .text.___libgatt_lib_db_4633
                0x00003eae       0x11 C:\CSR_uEnergy_SDK-2.4.5.13\tools\lib\CSR101x_A05\libgatt_lib_ram.a(patch_dbase.o)
                0x00003eae                ___libgatt_lib_db_4633
 .text.___libgatt_lib_db_4632
                0x00003ebf        0xf C:\CSR_uEnergy_SDK-2.4.5.13\tools\lib\CSR101x_A05\libgatt_lib_ram.a(patch_dbase.o)
                0x00003ebf                ___libgatt_lib_db_4632
 .text.___libgatt_lib_db_4631
                0x00003ece        0x7 C:\CSR_uEnergy_SDK-2.4.5.13\tools\lib\CSR101x_A05\libgatt_lib_ram.a(patch_dbase.o)
                0x00003ece                ___libgatt_lib_db_4631
 .text.___libgatt_lib_db_4645
                0x00003ed5        0xc C:\CSR_uEnergy_SDK-2.4.5.13\tools\lib\CSR101x_A05\libgatt_lib_ram.a(hal_debugbus_state.o)
                0x00003ed5                ___libgatt_lib_db_4645
 .text.___libgatt_lib_db_4644
                0x00003ee1        0xc C:\CSR_uEnergy_SDK-2.4.5.13\tools\lib\CSR101x_A05\libgatt_lib_ram.a(hal_debugbus_state.o)
                0x00003ee1                ___libgatt_lib_db_4644
 .text.___libgatt_lib_db_4650
                0x00003eed        0x5 C:\CSR_uEnergy_SDK-2.4.5.13\tools\lib\CSR101x_A05\libgatt_lib_ram.a(patch_halradiotrim.o)
                0x00003eed                ___libgatt_lib_db_4650
 .text.___libgatt_lib_db_4206
                0x00003ef2       0x1d C:\CSR_uEnergy_SDK-2.4.5.13\tools\lib\CSR101x_A05\libgatt_lib_ram.a(patch_halradiotrim.o)
                0x00003ef2                ___libgatt_lib_db_4206
 .text.___libgatt_lib_db_4208
                0x00003f0f       0x11 C:\CSR_uEnergy_SDK-2.4.5.13\tools\lib\CSR101x_A05\libgatt_lib_ram.a(patch_halradiotrim.o)
                0x00003f0f                ___libgatt_lib_db_4208
 .text.___libgatt_lib_db_4209
                0x00003f20       0x4d C:\CSR_uEnergy_SDK-2.4.5.13\tools\lib\CSR101x_A05\libgatt_lib_ram.a(patch_halradiotrim.o)
                0x00003f20                ___libgatt_lib_db_4209
 .text.RAM_set_tx_power_parameters
                0x00003f6d       0x57 C:\CSR_uEnergy_SDK-2.4.5.13\tools\lib\CSR101x_A05\libgatt_lib_ram.a(patch_halradiotrim.o)
 .text.___libgatt_lib_db_4651
                0x00003fc4        0xf C:\CSR_uEnergy_SDK-2.4.5.13\tools\lib\CSR101x_A05\libgatt_lib_ram.a(patch_halradiotrim.o)
                0x00003fc4                ___libgatt_lib_db_4651
 .text.___libgatt_lib_db_4649
                0x00003fd3        0xa C:\CSR_uEnergy_SDK-2.4.5.13\tools\lib\CSR101x_A05\libgatt_lib_ram.a(patch_halradiotrim.o)
                0x00003fd3                ___libgatt_lib_db_4649
 .text.___libgatt_lib_db_4205
                0x00003fdd        0x9 C:\CSR_uEnergy_SDK-2.4.5.13\tools\lib\CSR101x_A05\libgatt_lib_ram.a(patch_halradiotrim.o)
                0x00003fdd                ___libgatt_lib_db_4205
 .text.patched_uart_do_tx
                0x00003fe6       0x1d C:\CSR_uEnergy_SDK-2.4.5.13\tools\lib\CSR101x_A05\libgatt_lib_ram.a(patch_uart.o)
 .text.stop_sb_timer
                0x00004003        0xd C:\CSR_uEnergy_SDK-2.4.5.13\tools\lib\CSR101x_A05\libgatt_lib_ram.a(patch_uart.o)
 .text.patched_uart_out_event
                0x00004010        0x9 C:\CSR_uEnergy_SDK-2.4.5.13\tools\lib\CSR101x_A05\libgatt_lib_ram.a(patch_uart.o)
 .text.sb_timeout
                0x00004019       0x12 C:\CSR_uEnergy_SDK-2.4.5.13\tools\lib\CSR101x_A05\libgatt_lib_ram.a(patch_uart.o)
 .text.UartWrite
                0x0000402b       0x4b C:\CSR_uEnergy_SDK-2.4.5.13\tools\lib\CSR101x_A05\libgatt_lib_ram.a(patch_uart.o)
                0x0000402b                UartWrite
 .text.UartWriteBlocking
                0x00004076       0x18 C:\CSR_uEnergy_SDK-2.4.5.13\tools\lib\CSR101x_A05\libgatt_lib_ram.a(patch_uart.o)
                0x00004076                UartWriteBlocking
 .text.UartConfig
                0x0000408e       0x33 C:\CSR_uEnergy_SDK-2.4.5.13\tools\lib\CSR101x_A05\libgatt_lib_ram.a(patch_uart.o)
                0x0000408e                UartConfig
 .text.UartInit
                0x000040c1       0x18 C:\CSR_uEnergy_SDK-2.4.5.13\tools\lib\CSR101x_A05\libgatt_lib_ram.a(patch_uart.o)
                0x000040c1                UartInit
 .text.___libgatt_lib_db_4659
                0x000040d9       0x24 C:\CSR_uEnergy_SDK-2.4.5.13\tools\lib\CSR101x_A05\libgatt_lib_ram.a(patch_timer.o)
                0x000040d9                ___libgatt_lib_db_4659
 .text.SMEncryptRawAes
                0x000040fd        0x3 C:\CSR_uEnergy_SDK-2.4.5.13\tools\lib\CSR101x_A05\libgatt_lib_ram.a(patch_crypt.o)
                0x000040fd                SMEncryptRawAes
 .text.ram_app_init
                0x00004100       0x31 C:\CSR_uEnergy_SDK-2.4.5.13\tools\lib\CSR101x_A05\libgatt_lib_ram.a(main_ram.o)
                0x00004100                ram_app_init
 .text.___libgatt_lib_db_4364
                0x00004131        0x8 C:\CSR_uEnergy_SDK-2.4.5.13\tools\lib\CSR101x_A05\libgatt_lib_ram.a(hw_patch_install.o)
                0x00004131                ___libgatt_lib_db_4364
 .text.NvmConfigureI2cEeprom
                0x00004139        0xd C:\CSR_uEnergy_SDK-2.4.5.13\tools\lib\CSR101x_A05\libgatt_lib_ram.a(patch_i2c_app_mem_mgr.o)
                0x00004139                NvmConfigureI2cEeprom
 .text.new_disable_i2c
                0x00004146        0xb C:\CSR_uEnergy_SDK-2.4.5.13\tools\lib\CSR101x_A05\libgatt_lib_ram.a(patch_i2c_app_mem_mgr.o)
 .text.PioConfigPWM
                0x00004151       0x2b C:\CSR_uEnergy_SDK-2.4.5.13\tools\lib\CSR101x_A05\libgatt_lib_ram.a(robs_pio_ram.o)
                0x00004151                PioConfigPWM
 .text.PioSetMode
                0x0000417c        0xb C:\CSR_uEnergy_SDK-2.4.5.13\tools\lib\CSR101x_A05\libgatt_lib_ram.a(robs_pio_ram.o)
                0x0000417c                PioSetMode
 .text.IdGetLlVerBtle
                0x00004187        0x3 C:\CSR_uEnergy_SDK-2.4.5.13\tools\lib\CSR101x_A05\libgatt_lib_ram.a(id_ram.o)
                0x00004187                IdGetLlVerBtle
 .text.___libgatt_lib_db_4214
                0x0000418a      0x15c C:\CSR_uEnergy_SDK-2.4.5.13\tools\lib\CSR101x_A05\libgatt_lib_ram.a(patch_thermometer.o)
                0x0000418a                ___libgatt_lib_db_4214
 .text.___libgatt_lib_db_4568
                0x000042e6       0x12 C:\CSR_uEnergy_SDK-2.4.5.13\tools\lib\CSR101x_A05\libgatt_lib_ram.a(patch_ls_l2cap_if.o)
                0x000042e6                ___libgatt_lib_db_4568
 .text.___libgatt_lib_db_4570
                0x000042f8        0xc C:\CSR_uEnergy_SDK-2.4.5.13\tools\lib\CSR101x_A05\libgatt_lib_ram.a(patch_l2cap.o)
                0x000042f8                ___libgatt_lib_db_4570
 .text.___libgatt_lib_db_4572
                0x00004304        0xe C:\CSR_uEnergy_SDK-2.4.5.13\tools\lib\CSR101x_A05\libgatt_lib_ram.a(patch_att_install.o)
                0x00004304                ___libgatt_lib_db_4572
 .text.patch_att_handle_execute_write_req
                0x00004312       0xef C:\CSR_uEnergy_SDK-2.4.5.13\tools\lib\CSR101x_A05\libgatt_lib_ram.a(patch_att_install.o)
 .text.patch_att_handle_read_multi_req
                0x00004401       0xb1 C:\CSR_uEnergy_SDK-2.4.5.13\tools\lib\CSR101x_A05\libgatt_lib_ram.a(patch_att_install.o)
 .text.___libgatt_lib_db_4626
                0x000044b2       0x55 C:\CSR_uEnergy_SDK-2.4.5.13\tools\lib\CSR101x_A05\libgatt_lib_ram.a(patch_george_adv.o)
                0x000044b2                ___libgatt_lib_db_4626
 .text.___libgatt_lib_db_4627
                0x00004507       0x1b C:\CSR_uEnergy_SDK-2.4.5.13\tools\lib\CSR101x_A05\libgatt_lib_ram.a(patch_george_adv.o)
                0x00004507                ___libgatt_lib_db_4627
 .text.___libgatt_lib_db_4657
                0x00004522       0x53 C:\CSR_uEnergy_SDK-2.4.5.13\tools\lib\CSR101x_A05\libgatt_lib_ram.a(patch_halradio.o)
                0x00004522                ___libgatt_lib_db_4657
 .text.___libgatt_lib_db_4662
                0x00004575        0xd C:\CSR_uEnergy_SDK-2.4.5.13\tools\lib\CSR101x_A05\libgatt_lib_ram.a(patch_sleep.o)
                0x00004575                ___libgatt_lib_db_4662
 .text.___libgatt_lib_db_4207
                0x00004582        0xd C:\CSR_uEnergy_SDK-2.4.5.13\tools\lib\CSR101x_A05\libgatt_lib_ram.a(patch_reset.o)
                0x00004582                ___libgatt_lib_db_4207
 .text.___libgatt_lib_db_4664
                0x0000458f       0x3a C:\CSR_uEnergy_SDK-2.4.5.13\tools\lib\CSR101x_A05\libgatt_lib_ram.a(patch_pools.o)
                0x0000458f                ___libgatt_lib_db_4664
 .text.___libgatt_lib_db_4667
                0x000045c9        0xe C:\CSR_uEnergy_SDK-2.4.5.13\tools\lib\CSR101x_A05\libgatt_lib_ram.a(patch_background_loop.o)
                0x000045c9                ___libgatt_lib_db_4667
 .text.___libgatt_lib_db_4669
                0x000045d7        0x5 C:\CSR_uEnergy_SDK-2.4.5.13\tools\lib\CSR101x_A05\libgatt_lib_ram.a(patch_fault.o)
                0x000045d7                ___libgatt_lib_db_4669
 .text.___libgatt_lib_db_4680
                0x000045dc       0x3b C:\CSR_uEnergy_SDK-2.4.5.13\tools\lib\CSR101x_A05\libgatt_lib_ram.a(patch_pmu.o)
                0x000045dc                ___libgatt_lib_db_4680
 .text.___libgatt_lib_db_4679
                0x00004617       0x19 C:\CSR_uEnergy_SDK-2.4.5.13\tools\lib\CSR101x_A05\libgatt_lib_ram.a(patch_pmu.o)
                0x00004617                ___libgatt_lib_db_4679
 .text.___libgatt_lib_db_4677
                0x00004630       0x1e C:\CSR_uEnergy_SDK-2.4.5.13\tools\lib\CSR101x_A05\libgatt_lib_ram.a(patch_pmu.o)
                0x00004630                ___libgatt_lib_db_4677
 .text.___libgatt_lib_db_4678
                0x0000464e       0x2e C:\CSR_uEnergy_SDK-2.4.5.13\tools\lib\CSR101x_A05\libgatt_lib_ram.a(patch_pmu.o)
                0x0000464e                ___libgatt_lib_db_4678
 .text.___libgatt_lib_db_4691
                0x0000467c       0x86 C:\CSR_uEnergy_SDK-2.4.5.13\tools\lib\CSR101x_A05\libgatt_lib_ram.a(patch_updates.o)
                0x0000467c                ___libgatt_lib_db_4691
 .text.___libgatt_lib_db_4693
                0x00004702       0x27 C:\CSR_uEnergy_SDK-2.4.5.13\tools\lib\CSR101x_A05\libgatt_lib_ram.a(patch_adc.o)
                0x00004702                ___libgatt_lib_db_4693
 .text.OtaReset
                0x00004729        0x3 C:\CSR_uEnergy_SDK-2.4.5.13\tools\lib\otau\libotau.a(csr_ota.o)
                0x00004729                OtaReset
 .text.readProtectedValue
                0x0000472c       0x24 C:\CSR_uEnergy_SDK-2.4.5.13\tools\lib\otau\libotau.a(csr_ota.o)
 .text.readOtaVersion
                0x00004750        0x6 C:\CSR_uEnergy_SDK-2.4.5.13\tools\lib\otau\libotau.a(csr_ota.o)
 .text.readCurrentApp
                0x00004756        0x4 C:\CSR_uEnergy_SDK-2.4.5.13\tools\lib\otau\libotau.a(csr_ota.o)
 .text.readSharedDataV5
                0x0000475a        0xd C:\CSR_uEnergy_SDK-2.4.5.13\tools\lib\otau\libotau.a(csr_ota.o)
 .text.findSharedData
                0x00004767       0x57 C:\CSR_uEnergy_SDK-2.4.5.13\tools\lib\otau\libotau.a(csr_ota.o)
 .text.OtaReadCurrentApp
                0x000047be       0x21 C:\CSR_uEnergy_SDK-2.4.5.13\tools\lib\otau\libotau.a(csr_ota.o)
                0x000047be                OtaReadCurrentApp
 .text.writeCurrentAppV5
                0x000047df       0x66 C:\CSR_uEnergy_SDK-2.4.5.13\tools\lib\otau\libotau.a(csr_ota.o)
 .text.writeCurrentApp
                0x00004845       0x59 C:\CSR_uEnergy_SDK-2.4.5.13\tools\lib\otau\libotau.a(csr_ota.o)
 .text.OtaWriteCurrentApp
                0x0000489e       0x37 C:\CSR_uEnergy_SDK-2.4.5.13\tools\lib\otau\libotau.a(csr_ota.o)
                0x0000489e                OtaWriteCurrentApp
 .text.i2cInitBus
                0x000048d5       0x19 C:\CSR_uEnergy_SDK-2.4.5.13\tools\lib\otau\libotau.a(i2c_comms.o)
                0x000048d5                i2cInitBus
 .text.crcBlock
                0x000048ee       0x2e C:\CSR_uEnergy_SDK-2.4.5.13\tools\lib\otau\libotau.a(crc16.o)
                0x000048ee                crcBlock
 *(.apptext)
 *(.apptext.*)
 *xap2crte.o(.text)
 *xap2crte.o(.text.*)
                0x0000491c                PROG_APPCODE_END = .
                0x0000691c                DATA_CONST_START = (DATA_RAM_START + .)
                0x0000691c                . = DATA_CONST_START

.const
 *(CONST)
 *(CONST.*)
                0x0000691c                DATA_CONST_END = .
                0x0000691c                DATA_RODATA_START = .
                0x0000691d                . = (. + 0x1)

.rodata         0x0000691d      0x326
 *(.rodata)
 .rodata        0x0000691d        0x2 depend_Release_CSR101x_A05\csr_mesh_light_gatt.o
 *(.rodata.*)
 .rodata.str2.2
                0x0000691f      0x153 depend_Release_CSR101x_A05\csr_mesh_light.o
                                0x156 (size before relaxing)
 .rodata.MeshControlHandleAccessWrite
                0x00006a72        0x7 depend_Release_CSR101x_A05\mesh_control_service.o
 .rodata.C.2..2845.
                0x00006a79        0x3 depend_Release_CSR101x_A05\csr_mesh_light_gatt.o
 .rodata.str2.2
                0x00006a7c       0x74 depend_Release_CSR101x_A05\app_data_stream.o
 .rodata.MaspProcessMessage
                0x00006af0        0xe ..\..\libraries\libcsrmesh.a(masp.o)
 .rodata.g_mtl_enc_key
                0x00006afe       0x1f ..\..\libraries\libcsrmesh.a(mtl.o)
 .rodata.configModelServerHandler
                0x00006b1d       0x10 ..\..\libraries\libcsrmesh.a(config_model.o)
 .rodata.sha256_init_table
                0x00006b2d       0x10 ..\..\libraries\libcsrmesh.a(sha256_initialise.o)
 .rodata.P192_p
                0x00006b3d        0xd ..\..\libraries\libcsrmesh.a(ec_math.o)
                0x00006b3d                ___libcsrmesh_369
 .rodata.P192_q
                0x00006b4a        0xc ..\..\libraries\libcsrmesh.a(ec_math.o)
                0x00006b4a                ___libcsrmesh_370
 .rodata.P192_Gx
                0x00006b56        0xc ..\..\libraries\libcsrmesh.a(ec_math.o)
                0x00006b56                ___libcsrmesh_367
 .rodata.P192_Gy
                0x00006b62        0xc ..\..\libraries\libcsrmesh.a(ec_math.o)
                0x00006b62                ___libcsrmesh_368
 .rodata.sha256_consts
                0x00006b6e       0x80 ..\..\libraries\libcsrmesh.a(sha256_calc_ith_hash_val.o)
 .rodata.handleMcpLightModelMsg
                0x00006bee        0x8 ..\..\libraries\liblightmodel.a(light_model.o)
 .rodata.handleMcpPowerModelMsg
                0x00006bf6        0x5 ..\..\libraries\libpowermodel.a(power_model.o)
 .rodata.tx_power_table
                0x00006bfb       0x28 C:\CSR_uEnergy_SDK-2.4.5.13\tools\lib\CSR101x_A05\libgatt_lib_ram.a(patch_halradiotrim.o)
                0x00006bfb                ___libgatt_lib_db_4656
 .rodata.ram_build_identifier_integer
                0x00006c23        0x1 C:\CSR_uEnergy_SDK-2.4.5.13\tools\lib\CSR101x_A05\libgatt_lib_ram.a(id_ram.o)
                0x00006c23                ram_build_identifier_integer
 .rodata.ram_build_identifier_string
                0x00006c24       0x16 C:\CSR_uEnergy_SDK-2.4.5.13\tools\lib\CSR101x_A05\libgatt_lib_ram.a(id_ram.o)
                0x00006c24                ram_build_identifier_string
 .rodata.slut_extended
                0x00006c3a        0x9 C:\CSR_uEnergy_SDK-2.4.5.13\tools\lib\CSR101x_A05\libgatt_lib_ram.a(slut.o)
                0x00006c3a                ___libgatt_lib_db_4695
                0x00006c43                DATA_RODATA_END = .

.bss            0x00006c44      0x88b
                0x00006c44                DATA_BSS_APP_START = .
 *(.bss)
 .bss           0x00006c44        0x3 C:\CSR_uEnergy_SDK-2.4.5.13\tools\lib\CSR101x_A05\libgatt_lib_ram.a(patch_sm.o)
                0x00006c44                sm_security_started
 .bss           0x00006c47        0x1 C:\CSR_uEnergy_SDK-2.4.5.13\tools\lib\CSR101x_A05\libgatt_lib_ram.a(patch_sm_l2cap.o)
 *(.bss.*)
 .bss.attn_tid  0x00006c48        0x1 depend_Release_CSR101x_A05\csr_mesh_light.o
 .bss.ota_rst_tid
                0x00006c49        0x1 depend_Release_CSR101x_A05\csr_mesh_light.o
 .bss.send_dev_appearance
                0x00006c4a        0x1 depend_Release_CSR101x_A05\csr_mesh_light.o
 .bss.app_timers
                0x00006c4b       0x60 depend_Release_CSR101x_A05\csr_mesh_light.o
 .bss.light_model_groups
                0x00006cab        0x4 depend_Release_CSR101x_A05\csr_mesh_light.o
 .bss.attention_model_groups
                0x00006caf        0x4 depend_Release_CSR101x_A05\csr_mesh_light.o
 .bss.power_model_groups
                0x00006cb3        0x4 depend_Release_CSR101x_A05\csr_mesh_light.o
 .bss.data_model_groups
                0x00006cb7        0x4 depend_Release_CSR101x_A05\csr_mesh_light.o
 .bss.bearer_relay_active
                0x00006cbb        0x1 depend_Release_CSR101x_A05\csr_mesh_light.o
 .bss.bearer_promiscuous
                0x00006cbc        0x1 depend_Release_CSR101x_A05\csr_mesh_light.o
 .bss.bluel.1017.
                0x00006cbd        0x1 depend_Release_CSR101x_A05\iot_hw.o
 .bss.greenl.1016.
                0x00006cbe        0x1 depend_Release_CSR101x_A05\iot_hw.o
 .bss.redl.1015.
                0x00006cbf        0x1 depend_Release_CSR101x_A05\iot_hw.o
 .bss.g_gap_data
                0x00006cc0        0x3 depend_Release_CSR101x_A05\gap_service.o
 .bss.data_transfer_data_length
                0x00006cc3        0x1 depend_Release_CSR101x_A05\csr_ota_service.o
 .bss.data_transfer_memory
                0x00006cc4       0x14 depend_Release_CSR101x_A05\csr_ota_service.o
 .bss.data_transfer_configuration
                0x00006cd8        0x2 depend_Release_CSR101x_A05\csr_ota_service.o
 .bss.ota_serv_data
                0x00006cda        0x1 depend_Release_CSR101x_A05\csr_ota_service.o
 .bss.g_gatt_data
                0x00006cdb        0x1 depend_Release_CSR101x_A05\gatt_service.o
 .bss.stream_send_retry_count
                0x00006cdc        0x1 depend_Release_CSR101x_A05\app_data_stream.o
 .bss.stream_send_retry_tid
                0x00006cdd        0x1 depend_Release_CSR101x_A05\app_data_stream.o
 .bss.tx_stream_offset
                0x00006cde        0x1 depend_Release_CSR101x_A05\app_data_stream.o
 .bss.rx_stream_in_progress
                0x00006cdf        0x1 depend_Release_CSR101x_A05\app_data_stream.o
 .bss.rx_stream_offset
                0x00006ce0        0x1 depend_Release_CSR101x_A05\app_data_stream.o
 .bss.device_info
                0x00006ce1      0x100 depend_Release_CSR101x_A05\app_data_stream.o
 .bss.device_info_length
                0x00006de1        0x1 depend_Release_CSR101x_A05\app_data_stream.o
 .bss.rx_stream_timeout_tid
                0x00006de2        0x1 depend_Release_CSR101x_A05\app_data_stream.o
 .bss.current_stream_code
                0x00006de3        0x1 depend_Release_CSR101x_A05\app_data_stream.o
 .bss.g_mesh_data
                0x00006de4       0x20 ..\..\libraries\libcsrmesh.a(csr_mesh.o)
 .bss.unpackedData
                0x00006e04       0x1f ..\..\libraries\libcsrmesh.a(csr_mesh.o)
 .bss.unpacked_mesg
                0x00006e23       0x1c ..\..\libraries\libcsrmesh.a(csr_mesh.o)
 .bss.unpacked_tx_buffer
                0x00006e3f       0x1f ..\..\libraries\libcsrmesh.a(csr_mesh.o)
 .bss.tx_mesg_queue
                0x00006e5e       0x88 ..\..\libraries\libcsrmesh.a(csr_mesh.o)
 .bss.curr_tx_index
                0x00006ee6        0x1 ..\..\libraries\libcsrmesh.a(csr_mesh.o)
 .bss.rx_ttl    0x00006ee7        0x1 ..\..\libraries\libcsrmesh.a(csr_mesh.o)
 .bss.rx_rssi   0x00006ee8        0x1 ..\..\libraries\libcsrmesh.a(csr_mesh.o)
 .bss.scan_chan_mask
                0x00006ee9        0x1 ..\..\libraries\libcsrmesh.a(csr_mesh.o)
 .bss.t1        0x00006eea        0x2 ..\..\libraries\libcsrmesh.a(csr_mesh.o)
 .bss.assoc_wdog_tid
                0x00006eec        0x1 ..\..\libraries\libcsrmesh.a(masp.o)
 .bss.ACKnown   0x00006eed        0x1 ..\..\libraries\libcsrmesh.a(masp.o)
 .bss.g_devUuid
                0x00006eee        0x8 ..\..\libraries\libcsrmesh.a(masp.o)
 .bss.g_devAuthCode
                0x00006ef6        0x4 ..\..\libraries\libcsrmesh.a(masp.o)
 .bss.g_msn     0x00006efa        0x1 ..\..\libraries\libcsrmesh.a(masp.o)
 .bss.masp_ttl  0x00006efb        0x1 ..\..\libraries\libcsrmesh.a(masp.o)
 .bss.masp_msg  0x00006efc       0x12 ..\..\libraries\libcsrmesh.a(masp.o)
 .bss.received_key
                0x00006f0e       0x10 ..\..\libraries\libcsrmesh.a(masp.o)
 .bss.g_dev_priv_key
                0x00006f1e        0x1 ..\..\libraries\libcsrmesh.a(masp.o)
 .bss.g_dev_pub_key
                0x00006f1f        0x2 ..\..\libraries\libcsrmesh.a(masp.o)
 .bss.g_cli_pub_key
                0x00006f21        0x2 ..\..\libraries\libcsrmesh.a(masp.o)
 .bss.ne_key_part
                0x00006f23        0x1 ..\..\libraries\libcsrmesh.a(masp.o)
 .bss.g_dev_random
                0x00006f24        0x1 ..\..\libraries\libcsrmesh.a(masp.o)
 .bss.g_cli_random
                0x00006f25        0x1 ..\..\libraries\libcsrmesh.a(masp.o)
 .bss.g_dev_confirm
                0x00006f26        0x1 ..\..\libraries\libcsrmesh.a(masp.o)
 .bss.g_cli_confirm
                0x00006f27        0x1 ..\..\libraries\libcsrmesh.a(masp.o)
 .bss.g_cal_confirm
                0x00006f28        0x1 ..\..\libraries\libcsrmesh.a(masp.o)
 .bss.algos     0x00006f29        0x1 ..\..\libraries\libcsrmesh.a(masp.o)
 .bss.nwkey_key
                0x00006f2a        0x1 ..\..\libraries\libcsrmesh.a(masp.o)
 .bss.masp_nw_iv
                0x00006f2b        0x4 ..\..\libraries\libcsrmesh.a(mtl.o)
 .bss.g_mtl_tx_buf
                0x00006f2f       0x1f ..\..\libraries\libcsrmesh.a(mtl.o)
 .bss.mtl_hmac_buf
                0x00006f4e       0x27 ..\..\libraries\libcsrmesh.a(mtl.o)
 .bss.iv        0x00006f75        0x8 ..\..\libraries\libcsrmesh.a(mtl.o)
 .bss.relay_msg
                0x00006f7d       0x20 ..\..\libraries\libcsrmesh.a(mtl.o)
 .bss.g_mcp_data
                0x00006f9d       0x10 ..\..\libraries\libcsrmesh.a(mcp.o)
 .bss.g_mcp_msg_buf
                0x00006fad       0x12 ..\..\libraries\libcsrmesh.a(mcp.o)
 .bss.stored_seq_num
                0x00006fbf        0x2 ..\..\libraries\libcsrmesh.a(mcp.o)
 .bss.g_config_model_data
                0x00006fc1        0x5 ..\..\libraries\libcsrmesh.a(config_model.o)
 .bss.resp_mesg
                0x00006fc6       0x1c ..\..\libraries\libcsrmesh.a(config_model.o)
 .bss.lastETag  0x00006fe2        0x4 ..\..\libraries\libcsrmesh.a(config_model.o)
 .bss.curr_stack_idx
                0x00006fe6        0x1 ..\..\libraries\libcsrmesh.a(ec_alloc.o)
 .bss.g_ec_stack
                0x00006fe7      0x1a0 ..\..\libraries\libcsrmesh.a(ec_alloc.o)
 .bss.sha256_hmac_context
                0x00007187       0x32 ..\..\libraries\libcsrmesh.a(sha256_hmac.o)
 .bss.sha256_hmac_hash_buf
                0x000071b9       0x20 ..\..\libraries\libcsrmesh.a(sha256_hmac.o)
 .bss.sha256_hmac
                0x000071d9       0x10 ..\..\libraries\libcsrmesh.a(sha256_hmac.o)
 .bss.g_light_model_data
                0x000071e9        0x5 ..\..\libraries\liblightmodel.a(light_model.o)
 .bss.g_attn_model_data
                0x000071ee        0x5 ..\..\libraries\libattentionmodel.a(attention_model.o)
 .bss.g_stream_model_data
                0x000071f3       0x17 ..\..\libraries\libstreammodel.a(stream_model.o)
 .bss.g_event_data
                0x0000720a        0xd ..\..\libraries\libstreammodel.a(stream_model.o)
 .bss.__PATCH__ZERO_
                0x00007217        0x1 C:\CSR_uEnergy_SDK-2.4.5.13\tools\lib\CSR101x_A05\libgatt_lib_ram.a(patch_ls_advertising_if.o)
 .bss.uart_rx_buffer
                0x00007218       0x40 C:\CSR_uEnergy_SDK-2.4.5.13\tools\lib\CSR101x_A05\libgatt_lib_ram.a(debug.o)
 .bss.uart_tx_buffer
                0x00007258       0x40 C:\CSR_uEnergy_SDK-2.4.5.13\tools\lib\CSR101x_A05\libgatt_lib_ram.a(debug.o)
 .bss.patch_pending
                0x00007298        0x1 C:\CSR_uEnergy_SDK-2.4.5.13\tools\lib\CSR101x_A05\libgatt_lib_ram.a(patch_george.o)
                0x00007298                patch_pending
 .bss.patch_rx_timing_report
                0x00007299        0x1 C:\CSR_uEnergy_SDK-2.4.5.13\tools\lib\CSR101x_A05\libgatt_lib_ram.a(patch_george.o)
                0x00007299                patch_rx_timing_report
 .bss.patch_pending_mode
                0x0000729a        0x1 C:\CSR_uEnergy_SDK-2.4.5.13\tools\lib\CSR101x_A05\libgatt_lib_ram.a(patch_george.o)
                0x0000729a                patch_pending_mode
 .bss.__PATCH__ZERO_
                0x0000729b        0x1 C:\CSR_uEnergy_SDK-2.4.5.13\tools\lib\CSR101x_A05\libgatt_lib_ram.a(patch_george.o)
 .bss.__PATCH__ZERO_
                0x0000729c        0x1 C:\CSR_uEnergy_SDK-2.4.5.13\tools\lib\CSR101x_A05\libgatt_lib_ram.a(patch_halradiotrim.o)
 .bss.tx_power_table_entry
                0x0000729d        0x1 C:\CSR_uEnergy_SDK-2.4.5.13\tools\lib\CSR101x_A05\libgatt_lib_ram.a(patch_halradiotrim.o)
 .bss.__PATCH__ZERO_
                0x0000729e        0x1 C:\CSR_uEnergy_SDK-2.4.5.13\tools\lib\CSR101x_A05\libgatt_lib_ram.a(patch_uart.o)
 .bss.uart_sb_timer_id
                0x0000729f        0x1 C:\CSR_uEnergy_SDK-2.4.5.13\tools\lib\CSR101x_A05\libgatt_lib_ram.a(patch_uart.o)
 .bss.uart_sb_timeout
                0x000072a0        0x2 C:\CSR_uEnergy_SDK-2.4.5.13\tools\lib\CSR101x_A05\libgatt_lib_ram.a(patch_uart.o)
 .bss.__PATCH__ZERO_
                0x000072a2        0x1 C:\CSR_uEnergy_SDK-2.4.5.13\tools\lib\CSR101x_A05\libgatt_lib_ram.a(patch_timer.o)
 .bss.enable_lo_offset_adc_update
                0x000072a3        0x1 C:\CSR_uEnergy_SDK-2.4.5.13\tools\lib\CSR101x_A05\libgatt_lib_ram.a(patch_thermometer.o)
                0x000072a3                enable_lo_offset_adc_update
 .bss.__PATCH__ZERO_
                0x000072a4        0x1 C:\CSR_uEnergy_SDK-2.4.5.13\tools\lib\CSR101x_A05\libgatt_lib_ram.a(patch_thermometer.o)
 .bss.__PATCH__ZERO_
                0x000072a5        0x1 C:\CSR_uEnergy_SDK-2.4.5.13\tools\lib\CSR101x_A05\libgatt_lib_ram.a(patch_pmu.o)
 .bss.__PATCH__ZERO_
                0x000072a6        0x1 C:\CSR_uEnergy_SDK-2.4.5.13\tools\lib\CSR101x_A05\libgatt_lib_ram.a(patch_updates.o)
 .bss.shared_data_location
                0x000072a7        0x1 C:\CSR_uEnergy_SDK-2.4.5.13\tools\lib\otau\libotau.a(csr_ota.o)
 COMMON         0x000072a8       0x26 depend_Release_CSR101x_A05\csr_mesh_light.o
                0x000072a8                g_lightapp_data
 COMMON         0x000072ce       0x1e depend_Release_CSR101x_A05\mesh_control_service.o
                0x000072ce                g_mesh_svc_data
 COMMON         0x000072ec       0x5d ..\..\libraries\libcsrmesh.a(csr_mesh.o)
                0x000072ec                user_adv
 COMMON         0x00007349        0x1 ..\..\libraries\libcsrmesh.a(masp.o)
                0x00007349                state
 COMMON         0x0000734a      0x163 ..\..\libraries\libcsrmesh.a(mtl.o)
                0x0000734a                masp_mac_ctx1
                0x0000737c                mcp_mac_ctx1
                0x000073ae                masp_mac_ctx2
                0x000073e0                mcp_mac_ctx2
                0x00007412                g_mtl_data
 COMMON         0x000074ad        0x8 ..\..\libraries\libcsrmesh.a(masp_mcp_common.o)
                0x000074ad                g_device_hash
 COMMON         0x000074b5        0x5 ..\..\libraries\libcsrmesh.a(group_model.o)
                0x000074b5                g_group_model_data
 COMMON         0x000074ba        0x5 ..\..\libraries\libpowermodel.a(power_model.o)
                0x000074ba                g_power_model_data
 COMMON         0x000074bf        0x5 ..\..\libraries\libfirmwaremodel.a(firmware_model.o)
                0x000074bf                g_fw_model_data
 COMMON         0x000074c4        0x5 ..\..\libraries\libbearermodel.a(bearer_model.o)
                0x000074c4                g_bearer_model_data
 COMMON         0x000074c9        0x2 C:\CSR_uEnergy_SDK-2.4.5.13\tools\lib\CSR101x_A05\libgatt_lib_ram.a(patch_sm.o)
                0x000074c9                sm_long_term_key_ind
                0x000074ca                sm_pairing_auth_ind
 COMMON         0x000074cb        0x1 C:\CSR_uEnergy_SDK-2.4.5.13\tools\lib\CSR101x_A05\libgatt_lib_ram.a(patch_george.o)
                0x000074cb                enable_lowduty_directed_adv
 COMMON         0x000074cc        0x3 C:\CSR_uEnergy_SDK-2.4.5.13\tools\lib\CSR101x_A05\libgatt_lib_ram.a(patch_george_ll.o)
                0x000074cc                george_earliest_transmit_offset
                0x000074cf                DATA_BSS_APP_END = .
                0x0000088b                BSS_APP_SIZE = (DATA_BSS_APP_END - DATA_BSS_APP_START)

.data           0x000074cf      0x182
                0x000074cf                DATA_DATA_START = .
 *(.data)
 *(.data.*)
 .data.gattDatabase
                0x000074cf       0xcb depend_Release_CSR101x_A05\app_gatt_db.o
                0x000074cf                gattDatabase
 .data.g_node_data
                0x0000759a       0x1d depend_Release_CSR101x_A05\csr_mesh_light.o
                0x0000759a                g_node_data
 .data.vid_pid_info
                0x000075b7        0x4 depend_Release_CSR101x_A05\csr_mesh_light.o
                0x000075b7                vid_pid_info
 .data.device_appearance
                0x000075bb        0x2 depend_Release_CSR101x_A05\csr_mesh_light.o
                0x000075bb                device_appearance
 .data.short_name
                0x000075bd        0x9 depend_Release_CSR101x_A05\csr_mesh_light.o
                0x000075bd                short_name
 .data.g_device_name
                0x000075c6       0x16 depend_Release_CSR101x_A05\gap_service.o
                0x000075c6                g_device_name
 .data.mesh_channel_mask
                0x000075dc        0x1 ..\..\libraries\libcsrmesh.a(csr_mesh.o)
 .data.mesh_rssi_threshold
                0x000075dd        0x1 ..\..\libraries\libcsrmesh.a(csr_mesh.o)
 .data.mesh_ad_data
                0x000075de        0x3 ..\..\libraries\libcsrmesh.a(csr_mesh.o)
 .data.mesh_adv_ind_data
                0x000075e1        0x3 ..\..\libraries\libcsrmesh.a(csr_mesh.o)
 .data.devID_str
                0x000075e4        0x8 ..\..\libraries\libcsrmesh.a(masp.o)
 .data.nwKey_str
                0x000075ec        0xa ..\..\libraries\libcsrmesh.a(masp.o)
 .data.masp_nw_key
                0x000075f6       0x10 ..\..\libraries\libcsrmesh.a(mtl.o)
 .data.ad_flags
                0x00007606        0x1 C:\CSR_uEnergy_SDK-2.4.5.13\tools\lib\CSR101x_A05\libgatt_lib_ram.a(patch_ls_advertising_if.o)
 .data.pending_pdu_acks
                0x00007607        0x1 C:\CSR_uEnergy_SDK-2.4.5.13\tools\lib\CSR101x_A05\libgatt_lib_ram.a(patch_george_ll.o)
                0x00007607                ___libgatt_lib_db_4622
 .data.tgap_con_param_update
                0x00007608        0x1 C:\CSR_uEnergy_SDK-2.4.5.13\tools\lib\CSR101x_A05\libgatt_lib_ram.a(patch_timer.o)
                0x00007608                ___libgatt_lib_db_4661
 .data.lo_offset_adc_update_temp
                0x00007609        0x1 C:\CSR_uEnergy_SDK-2.4.5.13\tools\lib\CSR101x_A05\libgatt_lib_ram.a(patch_thermometer.o)
 .data.xtal_trim_temp
                0x0000760a        0x1 C:\CSR_uEnergy_SDK-2.4.5.13\tools\lib\CSR101x_A05\libgatt_lib_ram.a(patch_thermometer.o)
 .data.patch_table_data
                0x0000760b       0x46 C:\CSR_uEnergy_SDK-2.4.5.13\tools\lib\CSR101x_A05\libgatt_lib_ram.a(sw_patch_ram.o)
                0x0000760b                ___libgatt_lib_db_4542
                0x00007651                DATA_DATA_END = .
                0x0000ef80                . = DATA_PERSIST_START

PERSIST_MEM
 *(PERSIST_MEM)
 *(PERSIST_MEM.*)
                0x0000ef80                DATA_PERSIST_MEM_END = .
                0x00009f84                . = DATA_CSTORE_START

CONFIG_STORE    0x00009f84       0x4b
 *(CONFIG_STORE)
 CONFIG_STORE   0x00009f84       0x4b C:\CSR_uEnergy_SDK-2.4.5.13\tools\lib\CSR101x_A05\libgatt_lib_ram.a(CONFIG_STORE.o)
                0x00009f84                ___libgatt_lib_db_4269
 *(CONFIG_STORE.*)
                0x00009fcf                DATA_CSTORE_END = .
                0x0000004b                CS_SIZE = (DATA_CSTORE_END - DATA_CSTORE_START)
                0x00009fdc                . = ((DATA_RAM_END - PRESERVE_SIZE) - SLT_SIZE)

SLT             0x00009fdc        0x4
                0x00009fdc                SLT_START = .
 *(SLT)
 SLT            0x00009fdc        0x4 C:\CSR_uEnergy_SDK-2.4.5.13\tools\lib\CSR101x_A05\libgatt_lib_ram.a(slut.o)
                0x00009fdc                slut
 *(SLT.*)

.preserved      0x00009fe0        0x0
                0x00009fe0                PRESERVED_START = .
 *(PRES_DATA)
 *(PRES_DATA.*)
                0x00009f84                STACK_END = DATA_CSTORE_START
                0x00009c84                . = ((STACK_END - ISTACK_SIZE) - USTACK_SIZE)

.stack          0x00009c84      0x300
                0x00009c84                STACK_START = .
                0x00009c84                USTACK_START = .
                0x00009e84                USTACK_END = (USTACK_START + USTACK_SIZE)
 *(USTACK)
 *(USTACK.*)
                0x00009e84                . = USTACK_END
 *fill*         0x00009c84      0x400 00
                0x00009e84                ISTACK_START = .
                0x00009f84                ISTACK_END = (ISTACK_START + ISTACK_SIZE)
 *(ISTACK)
 *(ISTACK.*)
                0x00009f84                . = ISTACK_END
 *fill*         0x00009e84      0x200 00
                0x00009c84                ALIGNED_DATA_END = STACK_START
                0x00009950                . = (((ALIGNED_DATA_END - RADIODATA_SIZE) - WHITELIST_SIZE) - RADIOBUFS_SIZE)

.aligned_data   0x00009950      0x334
                0x00009950                ALIGNED_DATA_START = .
                0x00009950                DATA_RADIOBUFS_START = .
 *(RADINITTBL)
                0x00009b00                . = (ALIGNED_DATA_START + RADIOBUFS_SIZE)
 *fill*         0x00009950      0x360 00
                0x00009b00                DATA_WHITELIST_START = .
                0x00009b20                . = (DATA_WHITELIST_START + WHITELIST_SIZE)
 *fill*         0x00009b00       0x40 00
 *(.romradiodata)
 .romradiodata  0x00009b20      0x164 C:\CSR_uEnergy_SDK-2.4.5.13\tools\lib\CSR101x_A05\libgatt_lib_ram.a(.romradiodata.o)
                0x00009b20                DATA_TIMERSTRUCT_START
                0x00009b80                ___libgatt_lib_db_4171
                0x00009b20                ___libgatt_lib_db_4173
                0x00009b80                DATA_RCLUTS_START
                0x00009c84                ALIGN_END_ACTUAL = .
                0x00000001                ASSERT ((DATA_APPDATA_END > DATA_DATA_END), RAM DATA exceeds limit.)
LOAD c:/csr_uenergy_sdk-2.4.5.13/tools/bin/../lib/gcc/xap-local-xap/4.3.4\libgcc.a
OUTPUT(depend_Release_CSR101x_A05\CSRMeshLight.elf elf32-xap2)

.debug_abbrev   0x00000000      0x89d
 .debug_abbrev  0x00000000       0x46 depend_Release_CSR101x_A05\app_gatt_db.o
 .debug_abbrev  0x0000008b      0x17e depend_Release_CSR101x_A05\csr_mesh_light.o
 .debug_abbrev  0x00000387       0x8d depend_Release_CSR101x_A05\iot_hw.o
 .debug_abbrev  0x000004a0       0x10 depend_Release_CSR101x_A05\gunilamp_hw.o
 .debug_abbrev  0x000004bf       0x8c depend_Release_CSR101x_A05\csr_mesh_light_hw.o
 .debug_abbrev  0x000005d6       0xe0 depend_Release_CSR101x_A05\gap_service.o
 .debug_abbrev  0x00000796       0xc8 depend_Release_CSR101x_A05\mesh_control_service.o
 .debug_abbrev  0x00000925       0x5b depend_Release_CSR101x_A05\nvm_access.o
 .debug_abbrev  0x000009da      0x116 depend_Release_CSR101x_A05\csr_mesh_light_gatt.o
 .debug_abbrev  0x00000c06       0xf8 depend_Release_CSR101x_A05\csr_ota_service.o
 .debug_abbrev  0x00000df6       0xba depend_Release_CSR101x_A05\gatt_service.o
 .debug_abbrev  0x00000f6a       0x2e depend_Release_CSR101x_A05\battery_hw.o
 .debug_abbrev  0x00000fc5       0x14 depend_Release_CSR101x_A05\fast_pwm.o
 .debug_abbrev  0x00000fed       0xa7 depend_Release_CSR101x_A05\app_data_stream.o

.debug_info     0x00000000     0x4ead
 .debug_info    0x00000000       0x5f depend_Release_CSR101x_A05\app_gatt_db.o
 .debug_info    0x000000be     0x1d94 depend_Release_CSR101x_A05\csr_mesh_light.o
 .debug_info    0x00003be6      0x179 depend_Release_CSR101x_A05\iot_hw.o
 .debug_info    0x00003ed7       0x2c depend_Release_CSR101x_A05\gunilamp_hw.o
 .debug_info    0x00003f2e       0xf4 depend_Release_CSR101x_A05\csr_mesh_light_hw.o
 .debug_info    0x00004116      0x6b6 depend_Release_CSR101x_A05\gap_service.o
 .debug_info    0x00004e82      0x6ee depend_Release_CSR101x_A05\mesh_control_service.o
 .debug_info    0x00005c5e      0x213 depend_Release_CSR101x_A05\nvm_access.o
 .debug_info    0x00006083      0xb43 depend_Release_CSR101x_A05\csr_mesh_light_gatt.o
 .debug_info    0x00007708      0x8c3 depend_Release_CSR101x_A05\csr_ota_service.o
 .debug_info    0x0000888e      0x840 depend_Release_CSR101x_A05\gatt_service.o
 .debug_info    0x0000990d       0x52 depend_Release_CSR101x_A05\battery_hw.o
 .debug_info    0x000099b1       0x2d depend_Release_CSR101x_A05\fast_pwm.o
 .debug_info    0x00009a0b      0x1a7 depend_Release_CSR101x_A05\app_data_stream.o

.debug_line     0x00000000     0x168b
 .debug_line    0x00000000       0x59 depend_Release_CSR101x_A05\app_gatt_db.o
 .debug_line    0x000000b1      0x957 depend_Release_CSR101x_A05\csr_mesh_light.o
 .debug_line    0x0000135f      0x196 depend_Release_CSR101x_A05\iot_hw.o
 .debug_line    0x0000168b        0xf depend_Release_CSR101x_A05\gunilamp_hw.o
 .debug_line    0x000016a8       0x9d depend_Release_CSR101x_A05\csr_mesh_light_hw.o
 .debug_line    0x000017e2      0x15c depend_Release_CSR101x_A05\gap_service.o
 .debug_line    0x00001a9a      0x156 depend_Release_CSR101x_A05\mesh_control_service.o
 .debug_line    0x00001d45       0xa0 depend_Release_CSR101x_A05\nvm_access.o
 .debug_line    0x00001e84      0x266 depend_Release_CSR101x_A05\csr_mesh_light_gatt.o
 .debug_line    0x00002350      0x18a depend_Release_CSR101x_A05\csr_ota_service.o
 .debug_line    0x00002663      0x128 depend_Release_CSR101x_A05\gatt_service.o
 .debug_line    0x000028b3       0x53 depend_Release_CSR101x_A05\battery_hw.o
 .debug_line    0x00002959        0xf depend_Release_CSR101x_A05\fast_pwm.o
 .debug_line    0x00002976      0x1d0 depend_Release_CSR101x_A05\app_data_stream.o

.debug_frame    0x00000000      0x38c
 .debug_frame   0x00000000       0x14 depend_Release_CSR101x_A05\app_gatt_db.o
 .debug_frame   0x00000028       0xc4 depend_Release_CSR101x_A05\csr_mesh_light.o
 .debug_frame   0x000001b0       0x50 depend_Release_CSR101x_A05\iot_hw.o
 .debug_frame   0x00000250       0x3c depend_Release_CSR101x_A05\csr_mesh_light_hw.o
 .debug_frame   0x000002c8       0x70 depend_Release_CSR101x_A05\gap_service.o
 .debug_frame   0x000003a8       0x3c depend_Release_CSR101x_A05\mesh_control_service.o
 .debug_frame   0x00000420       0x2c depend_Release_CSR101x_A05\nvm_access.o
 .debug_frame   0x00000478       0x6c depend_Release_CSR101x_A05\csr_mesh_light_gatt.o
 .debug_frame   0x00000550       0x38 depend_Release_CSR101x_A05\csr_ota_service.o
 .debug_frame   0x000005c0       0x38 depend_Release_CSR101x_A05\gatt_service.o
 .debug_frame   0x00000630       0x14 depend_Release_CSR101x_A05\battery_hw.o
 .debug_frame   0x00000658       0x60 depend_Release_CSR101x_A05\app_data_stream.o

.debug_loc      0x00000000      0xb7f
 .debug_loc     0x00000000       0x1f depend_Release_CSR101x_A05\app_gatt_db.o
 .debug_loc     0x0000003d      0x3e9 depend_Release_CSR101x_A05\csr_mesh_light.o
 .debug_loc     0x0000080f       0xe0 depend_Release_CSR101x_A05\iot_hw.o
 .debug_loc     0x000009ce       0x7c depend_Release_CSR101x_A05\csr_mesh_light_hw.o
 .debug_loc     0x00000ac6      0x147 depend_Release_CSR101x_A05\gap_service.o
 .debug_loc     0x00000d53      0x10e depend_Release_CSR101x_A05\mesh_control_service.o
 .debug_loc     0x00000f6f       0x75 depend_Release_CSR101x_A05\nvm_access.o
 .debug_loc     0x00001058       0xdb depend_Release_CSR101x_A05\csr_mesh_light_gatt.o
 .debug_loc     0x0000120d       0xfc depend_Release_CSR101x_A05\csr_ota_service.o
 .debug_loc     0x00001404       0x84 depend_Release_CSR101x_A05\gatt_service.o
 .debug_loc     0x0000150b       0x10 depend_Release_CSR101x_A05\battery_hw.o
 .debug_loc     0x0000152a       0xea depend_Release_CSR101x_A05\app_data_stream.o

.debug_pubnames
                0x00000000      0x37e
 .debug_pubnames
                0x00000000       0x1c depend_Release_CSR101x_A05\app_gatt_db.o
 .debug_pubnames
                0x00000037       0x7c depend_Release_CSR101x_A05\csr_mesh_light.o
 .debug_pubnames
                0x0000012e       0x62 depend_Release_CSR101x_A05\iot_hw.o
 .debug_pubnames
                0x000001f2       0x4a depend_Release_CSR101x_A05\csr_mesh_light_hw.o
 .debug_pubnames
                0x00000286       0x63 depend_Release_CSR101x_A05\gap_service.o
 .debug_pubnames
                0x0000034c       0x62 depend_Release_CSR101x_A05\mesh_control_service.o
 .debug_pubnames
                0x00000410       0x1f depend_Release_CSR101x_A05\nvm_access.o
 .debug_pubnames
                0x0000044d       0x64 depend_Release_CSR101x_A05\csr_mesh_light_gatt.o
 .debug_pubnames
                0x00000515       0x40 depend_Release_CSR101x_A05\csr_ota_service.o
 .debug_pubnames
                0x00000595       0x48 depend_Release_CSR101x_A05\gatt_service.o
 .debug_pubnames
                0x00000624       0x14 depend_Release_CSR101x_A05\battery_hw.o
 .debug_pubnames
                0x0000064b       0x58 depend_Release_CSR101x_A05\app_data_stream.o

.debug_aranges  0x00000000      0x1b8
 .debug_aranges
                0x00000000       0x10 depend_Release_CSR101x_A05\app_gatt_db.o
 .debug_aranges
                0x00000020       0x50 depend_Release_CSR101x_A05\csr_mesh_light.o
 .debug_aranges
                0x000000c0       0x24 depend_Release_CSR101x_A05\iot_hw.o
 .debug_aranges
                0x00000108       0x20 depend_Release_CSR101x_A05\csr_mesh_light_hw.o
 .debug_aranges
                0x00000148       0x30 depend_Release_CSR101x_A05\gap_service.o
 .debug_aranges
                0x000001a8       0x20 depend_Release_CSR101x_A05\mesh_control_service.o
 .debug_aranges
                0x000001e8       0x18 depend_Release_CSR101x_A05\nvm_access.o
 .debug_aranges
                0x00000218       0x30 depend_Release_CSR101x_A05\csr_mesh_light_gatt.o
 .debug_aranges
                0x00000278       0x20 depend_Release_CSR101x_A05\csr_ota_service.o
 .debug_aranges
                0x000002b8       0x20 depend_Release_CSR101x_A05\gatt_service.o
 .debug_aranges
                0x000002f8       0x10 depend_Release_CSR101x_A05\battery_hw.o
 .debug_aranges
                0x00000318       0x2c depend_Release_CSR101x_A05\app_data_stream.o

.debug_ranges   0x00000000      0x1a0
 .debug_ranges  0x00000000        0xc depend_Release_CSR101x_A05\app_gatt_db.o
 .debug_ranges  0x00000018       0x4c depend_Release_CSR101x_A05\csr_mesh_light.o
 .debug_ranges  0x000000b0       0x20 depend_Release_CSR101x_A05\iot_hw.o
 .debug_ranges  0x000000f0       0x1c depend_Release_CSR101x_A05\csr_mesh_light_hw.o
 .debug_ranges  0x00000128       0x2c depend_Release_CSR101x_A05\gap_service.o
 .debug_ranges  0x00000180       0x1c depend_Release_CSR101x_A05\mesh_control_service.o
 .debug_ranges  0x000001b8       0x14 depend_Release_CSR101x_A05\nvm_access.o
 .debug_ranges  0x000001e0       0x44 depend_Release_CSR101x_A05\csr_mesh_light_gatt.o
 .debug_ranges  0x00000268       0x1c depend_Release_CSR101x_A05\csr_ota_service.o
 .debug_ranges  0x000002a0       0x1c depend_Release_CSR101x_A05\gatt_service.o
 .debug_ranges  0x000002d8        0xc depend_Release_CSR101x_A05\battery_hw.o
 .debug_ranges  0x000002f0       0x28 depend_Release_CSR101x_A05\app_data_stream.o

.debug_str      0x00000000     0x36b5
 .debug_str     0x00000000       0x90 depend_Release_CSR101x_A05\app_gatt_db.o
                                 0x9d (size before relaxing)
 .debug_str     0x00000120     0x2b29 depend_Release_CSR101x_A05\csr_mesh_light.o
                               0x2c1a (size before relaxing)
 .debug_str     0x00005772      0x244 depend_Release_CSR101x_A05\iot_hw.o
                                0x298 (size before relaxing)
 .debug_str     0x00005bfa        0x7 depend_Release_CSR101x_A05\gunilamp_hw.o
                                 0x7d (size before relaxing)
 .debug_str     0x00005c08       0x41 depend_Release_CSR101x_A05\csr_mesh_light_hw.o
                                 0xdc (size before relaxing)
 .debug_str     0x00005c8a       0x8c depend_Release_CSR101x_A05\gap_service.o
                               0x137d (size before relaxing)
 .debug_str     0x00005da2       0xe5 depend_Release_CSR101x_A05\mesh_control_service.o
                               0x13e7 (size before relaxing)
 .debug_str     0x00005f6c       0x85 depend_Release_CSR101x_A05\nvm_access.o
                                0x646 (size before relaxing)
 .debug_str     0x00006075      0x43c depend_Release_CSR101x_A05\csr_mesh_light_gatt.o
                               0x1d18 (size before relaxing)
 .debug_str     0x000068ed       0x8d depend_Release_CSR101x_A05\csr_ota_service.o
                               0x15dd (size before relaxing)
 .debug_str     0x00006a07       0x52 depend_Release_CSR101x_A05\gatt_service.o
                               0x1576 (size before relaxing)
 .debug_str     0x00006aab       0x3f depend_Release_CSR101x_A05\battery_hw.o
                                 0x8c (size before relaxing)
 .debug_str     0x00006b29        0x6 depend_Release_CSR101x_A05\fast_pwm.o
                                 0x7a (size before relaxing)
 .debug_str     0x00006b34      0x11b depend_Release_CSR101x_A05\app_data_stream.o
                                0x1c0 (size before relaxing)

.comment        0x00000000      0x7ec
 .comment       0x00000000       0x1a depend_Release_CSR101x_A05\app_gatt_db.o
 .comment       0x0000001a       0x1a depend_Release_CSR101x_A05\csr_mesh_light.o
 .comment       0x00000034       0x1a depend_Release_CSR101x_A05\iot_hw.o
 .comment       0x0000004e       0x1a depend_Release_CSR101x_A05\gunilamp_hw.o
 .comment       0x00000068       0x1a depend_Release_CSR101x_A05\csr_mesh_light_hw.o
 .comment       0x00000082       0x1a depend_Release_CSR101x_A05\gap_service.o
 .comment       0x0000009c       0x1a depend_Release_CSR101x_A05\mesh_control_service.o
 .comment       0x000000b6       0x1a depend_Release_CSR101x_A05\nvm_access.o
 .comment       0x000000d0       0x1a depend_Release_CSR101x_A05\csr_mesh_light_gatt.o
 .comment       0x000000ea       0x1a depend_Release_CSR101x_A05\csr_ota_service.o
 .comment       0x00000104       0x1a depend_Release_CSR101x_A05\gatt_service.o
 .comment       0x0000011e       0x1a depend_Release_CSR101x_A05\battery_hw.o
 .comment       0x00000138       0x1a depend_Release_CSR101x_A05\fast_pwm.o
 .comment       0x00000152       0x1a depend_Release_CSR101x_A05\app_data_stream.o
 .comment       0x0000016c       0x1a ..\..\libraries\libcsrmesh.a(csr_mesh.o)
 .comment       0x00000186       0x1a ..\..\libraries\libcsrmesh.a(masp.o)
 .comment       0x000001a0       0x1a ..\..\libraries\libcsrmesh.a(mtl.o)
 .comment       0x000001ba       0x1a ..\..\libraries\libcsrmesh.a(mcp.o)
 .comment       0x000001d4       0x1a ..\..\libraries\libcsrmesh.a(masp_mcp_common.o)
 .comment       0x000001ee       0x1a ..\..\libraries\libcsrmesh.a(config_model.o)
 .comment       0x00000208       0x1a ..\..\libraries\libcsrmesh.a(group_model.o)
 .comment       0x00000222       0x1a ..\..\libraries\libcsrmesh.a(SMAes.o)
 .comment       0x0000023c       0x1a ..\..\libraries\libcsrmesh.a(sha256_get_results.o)
 .comment       0x00000256       0x1a ..\..\libraries\libcsrmesh.a(sha256_initialise.o)
 .comment       0x00000270       0x1a ..\..\libraries\libcsrmesh.a(sha256_process_data.o)
 .comment       0x0000028a       0x1a ..\..\libraries\libcsrmesh.a(ec_math.o)
 .comment       0x000002a4       0x1a ..\..\libraries\libcsrmesh.a(large_num.o)
 .comment       0x000002be       0x1a ..\..\libraries\libcsrmesh.a(ec_alloc.o)
 .comment       0x000002d8       0x1a ..\..\libraries\libcsrmesh.a(sha256_hmac.o)
 .comment       0x000002f2       0x1a ..\..\libraries\libcsrmesh.a(sha_add_to_cache.o)
 .comment       0x0000030c       0x1a ..\..\libraries\libcsrmesh.a(sha256_calc_ith_hash_val.o)
 .comment       0x00000326       0x1a ..\..\libraries\liblightmodel.a(light_model.o)
 .comment       0x00000340       0x1a ..\..\libraries\libpowermodel.a(power_model.o)
 .comment       0x0000035a       0x1a ..\..\libraries\libfirmwaremodel.a(firmware_model.o)
 .comment       0x00000374       0x1a ..\..\libraries\libbearermodel.a(bearer_model.o)
 .comment       0x0000038e       0x1a ..\..\libraries\libattentionmodel.a(attention_model.o)
 .comment       0x000003a8       0x1a ..\..\libraries\libstreammodel.a(stream_model.o)
 .comment       0x000003c2       0x1a C:\CSR_uEnergy_SDK-2.4.5.13\tools\lib\CSR101x_A05\libgatt_lib_ram.a(patch_ls_app_if.o)
 .comment       0x000003dc       0x1a C:\CSR_uEnergy_SDK-2.4.5.13\tools\lib\CSR101x_A05\libgatt_lib_ram.a(ls_app_if_ram.o)
 .comment       0x000003f6       0x1a C:\CSR_uEnergy_SDK-2.4.5.13\tools\lib\CSR101x_A05\libgatt_lib_ram.a(patch_ls_advertising_if.o)
 .comment       0x00000410       0x1a C:\CSR_uEnergy_SDK-2.4.5.13\tools\lib\CSR101x_A05\libgatt_lib_ram.a(gatt_ram.o)
 .comment       0x0000042a       0x1a C:\CSR_uEnergy_SDK-2.4.5.13\tools\lib\CSR101x_A05\libgatt_lib_ram.a(patch_gatt.o)
 .comment       0x00000444       0x1a C:\CSR_uEnergy_SDK-2.4.5.13\tools\lib\CSR101x_A05\libgatt_lib_ram.a(sm_ram.o)
 .comment       0x0000045e       0x1a C:\CSR_uEnergy_SDK-2.4.5.13\tools\lib\CSR101x_A05\libgatt_lib_ram.a(patch_sm.o)
 .comment       0x00000478       0x1a C:\CSR_uEnergy_SDK-2.4.5.13\tools\lib\CSR101x_A05\libgatt_lib_ram.a(debug.o)
 .comment       0x00000492       0x1a C:\CSR_uEnergy_SDK-2.4.5.13\tools\lib\CSR101x_A05\libgatt_lib_ram.a(patch_george.o)
 .comment       0x000004ac       0x1a C:\CSR_uEnergy_SDK-2.4.5.13\tools\lib\CSR101x_A05\libgatt_lib_ram.a(patch_george_ll.o)